
> crux-webmail@1.0.0 build
> npm run build:server && npm run build:web


> crux-webmail@1.0.0 build:server
> npm run build -w src/server


> crux-webmail-server@0.2.0 build
> npx tsc

routes/admin.routes.ts(83,11): error TS2769: No overload matches this call.
  Overload 1 of 4, '(path: string, opts: RouteShorthandOptions<RawServerDefault, IncomingMessage, ServerResponse<IncomingMessage>, RequestGenericInterface, unknown, { ...; }, FastifyTypeProviderDefault, FastifyBaseLogger> & { ...; }, handler?: WebsocketHandler<...>): FastifyInstance<...>', gave the following error.
    Argument of type '{ schema: { description: string; tags: string[]; response: { 200: { type: string; additionalProperties: true; }; }; }; }' is not assignable to parameter of type 'RouteShorthandOptions<RawServerDefault, IncomingMessage, ServerResponse<IncomingMessage>, RequestGenericInterface, unknown, { ...; }, FastifyTypeProviderDefault, FastifyBaseLogger> & { ...; }'.
      Property 'websocket' is missing in type '{ schema: { description: string; tags: string[]; response: { 200: { type: string; additionalProperties: true; }; }; }; }' but required in type '{ websocket: true; }'.
  Overload 2 of 4, '(path: string, opts: RouteShorthandOptions<RawServerDefault, IncomingMessage, ServerResponse<IncomingMessage>, RouteGenericInterface, unknown, FastifySchema, FastifyTypeProviderDefault, FastifyBaseLogger>, handler: RouteHandlerMethod<...>): FastifyInstance<...>', gave the following error.
    Object literal may only specify known properties, and 'description' does not exist in type 'FastifySchema'.
routes/admin.routes.ts(172,11): error TS2769: No overload matches this call.
  Overload 1 of 4, '(path: string, opts: RouteShorthandOptions<RawServerDefault, IncomingMessage, ServerResponse<IncomingMessage>, RequestGenericInterface, unknown, { ...; }, FastifyTypeProviderDefault, FastifyBaseLogger> & { ...; }, handler?: WebsocketHandler<...>): FastifyInstance<...>', gave the following error.
    Argument of type '{ schema: { description: string; tags: string[]; querystring: z.ZodObject<{}, "passthrough", z.ZodTypeAny, z.objectOutputType<{}, z.ZodTypeAny, "passthrough">, z.objectInputType<{}, z.ZodTypeAny, "passthrough">>; response: { ...; }; }; }' is not assignable to parameter of type 'RouteShorthandOptions<RawServerDefault, IncomingMessage, ServerResponse<IncomingMessage>, RequestGenericInterface, unknown, { ...; }, FastifyTypeProviderDefault, FastifyBaseLogger> & { ...; }'.
      Property 'websocket' is missing in type '{ schema: { description: string; tags: string[]; querystring: z.ZodObject<{}, "passthrough", z.ZodTypeAny, z.objectOutputType<{}, z.ZodTypeAny, "passthrough">, z.objectInputType<{}, z.ZodTypeAny, "passthrough">>; response: { ...; }; }; }' but required in type '{ websocket: true; }'.
  Overload 2 of 4, '(path: string, opts: RouteShorthandOptions<RawServerDefault, IncomingMessage, ServerResponse<IncomingMessage>, RouteGenericInterface, unknown, FastifySchema, FastifyTypeProviderDefault, FastifyBaseLogger>, handler: RouteHandlerMethod<...>): FastifyInstance<...>', gave the following error.
    Object literal may only specify known properties, and 'description' does not exist in type 'FastifySchema'.
routes/admin.routes.ts(185,40): error TS2345: Argument of type '{ search?: string; sort?: "username" | "created_at" | "last_login"; isActive?: boolean; mfaEnabled?: boolean; order?: "desc" | "asc"; limit?: number; page?: number; role?: "user" | "admin" | "moderator"; }' is not assignable to parameter of type 'AdminUserListParams'.
  Property 'page' is optional in type '{ search?: string; sort?: "username" | "created_at" | "last_login"; isActive?: boolean; mfaEnabled?: boolean; order?: "desc" | "asc"; limit?: number; page?: number; role?: "user" | "admin" | "moderator"; }' but required in type 'AdminUserListParams'.
routes/admin.routes.ts(220,11): error TS2769: No overload matches this call.
  Overload 1 of 4, '(path: string, opts: RouteShorthandOptions<RawServerDefault, IncomingMessage, ServerResponse<IncomingMessage>, RequestGenericInterface, unknown, { ...; }, FastifyTypeProviderDefault, FastifyBaseLogger> & { ...; }, handler?: WebsocketHandler<...>): FastifyInstance<...>', gave the following error.
    Argument of type '{ schema: { description: string; tags: string[]; params: z.ZodObject<{ userId: z.ZodString; }, "strip", z.ZodTypeAny, { userId?: string; }, { userId?: string; }>; response: { 200: { type: string; additionalProperties: true; }; }; }; }' is not assignable to parameter of type 'RouteShorthandOptions<RawServerDefault, IncomingMessage, ServerResponse<IncomingMessage>, RequestGenericInterface, unknown, { ...; }, FastifyTypeProviderDefault, FastifyBaseLogger> & { ...; }'.
      Property 'websocket' is missing in type '{ schema: { description: string; tags: string[]; params: z.ZodObject<{ userId: z.ZodString; }, "strip", z.ZodTypeAny, { userId?: string; }, { userId?: string; }>; response: { 200: { type: string; additionalProperties: true; }; }; }; }' but required in type '{ websocket: true; }'.
  Overload 2 of 4, '(path: string, opts: RouteShorthandOptions<RawServerDefault, IncomingMessage, ServerResponse<IncomingMessage>, { Params: { ...; }; }, unknown, FastifySchema, FastifyTypeProviderDefault, FastifyBaseLogger>, handler: RouteHandlerMethod<...>): FastifyInstance<...>', gave the following error.
    Object literal may only specify known properties, and 'description' does not exist in type 'FastifySchema'.
routes/admin.routes.ts(282,11): error TS2769: No overload matches this call.
  Overload 1 of 4, '(path: string, opts: RouteShorthandOptions<RawServerDefault, IncomingMessage, ServerResponse<IncomingMessage>, RequestGenericInterface, unknown, { ...; }, FastifyTypeProviderDefault, FastifyBaseLogger> & { ...; }, handler?: WebsocketHandler<...>): FastifyInstance<...>', gave the following error.
    Argument of type '{ schema: { description: string; tags: string[]; body: z.ZodObject<{ roles: z.ZodArray<z.ZodEnum<["user", "admin", "moderator"]>, "many">; }, "strip", z.ZodTypeAny, { roles?: ("user" | "admin" | "moderator")[]; }, { ...; }>; response: { ...; }; }; }' is not assignable to parameter of type 'RouteShorthandOptions<RawServerDefault, IncomingMessage, ServerResponse<IncomingMessage>, RequestGenericInterface, unknown, { ...; }, FastifyTypeProviderDefault, FastifyBaseLogger> & { ...; }'.
      Property 'websocket' is missing in type '{ schema: { description: string; tags: string[]; body: z.ZodObject<{ roles: z.ZodArray<z.ZodEnum<["user", "admin", "moderator"]>, "many">; }, "strip", z.ZodTypeAny, { roles?: ("user" | "admin" | "moderator")[]; }, { ...; }>; response: { ...; }; }; }' but required in type '{ websocket: true; }'.
  Overload 2 of 4, '(path: string, opts: RouteShorthandOptions<RawServerDefault, IncomingMessage, ServerResponse<IncomingMessage>, { Params: { ...; }; Body: { ...; }; }, unknown, FastifySchema, FastifyTypeProviderDefault, FastifyBaseLogger>, handler: RouteHandlerMethod<...>): FastifyInstance<...>', gave the following error.
    Object literal may only specify known properties, and 'description' does not exist in type 'FastifySchema'.
routes/admin.routes.ts(319,11): error TS2769: No overload matches this call.
  Overload 1 of 4, '(path: string, opts: RouteShorthandOptions<RawServerDefault, IncomingMessage, ServerResponse<IncomingMessage>, RequestGenericInterface, unknown, { ...; }, FastifyTypeProviderDefault, FastifyBaseLogger> & { ...; }, handler?: WebsocketHandler<...>): FastifyInstance<...>', gave the following error.
    Argument of type '{ schema: { description: string; tags: string[]; body: z.ZodObject<{ isActive: z.ZodBoolean; }, "strip", z.ZodTypeAny, { isActive?: boolean; }, { isActive?: boolean; }>; response: { 200: { ...; }; }; }; }' is not assignable to parameter of type 'RouteShorthandOptions<RawServerDefault, IncomingMessage, ServerResponse<IncomingMessage>, RequestGenericInterface, unknown, { ...; }, FastifyTypeProviderDefault, FastifyBaseLogger> & { ...; }'.
      Property 'websocket' is missing in type '{ schema: { description: string; tags: string[]; body: z.ZodObject<{ isActive: z.ZodBoolean; }, "strip", z.ZodTypeAny, { isActive?: boolean; }, { isActive?: boolean; }>; response: { 200: { ...; }; }; }; }' but required in type '{ websocket: true; }'.
  Overload 2 of 4, '(path: string, opts: RouteShorthandOptions<RawServerDefault, IncomingMessage, ServerResponse<IncomingMessage>, { Params: { ...; }; Body: { ...; }; }, unknown, FastifySchema, FastifyTypeProviderDefault, FastifyBaseLogger>, handler: RouteHandlerMethod<...>): FastifyInstance<...>', gave the following error.
    Object literal may only specify known properties, and 'description' does not exist in type 'FastifySchema'.
routes/admin.routes.ts(356,11): error TS2769: No overload matches this call.
  Overload 1 of 4, '(path: string, opts: RouteShorthandOptions<RawServerDefault, IncomingMessage, ServerResponse<IncomingMessage>, RequestGenericInterface, unknown, { ...; }, FastifyTypeProviderDefault, FastifyBaseLogger> & { ...; }, handler?: WebsocketHandler<...>): FastifyInstance<...>', gave the following error.
    Argument of type '{ schema: { description: string; tags: string[]; response: { 200: { type: string; additionalProperties: true; }; }; }; }' is not assignable to parameter of type 'RouteShorthandOptions<RawServerDefault, IncomingMessage, ServerResponse<IncomingMessage>, RequestGenericInterface, unknown, { ...; }, FastifyTypeProviderDefault, FastifyBaseLogger> & { ...; }'.
      Property 'websocket' is missing in type '{ schema: { description: string; tags: string[]; response: { 200: { type: string; additionalProperties: true; }; }; }; }' but required in type '{ websocket: true; }'.
  Overload 2 of 4, '(path: string, opts: RouteShorthandOptions<RawServerDefault, IncomingMessage, ServerResponse<IncomingMessage>, { Params: { ...; }; }, unknown, FastifySchema, FastifyTypeProviderDefault, FastifyBaseLogger>, handler: RouteHandlerMethod<...>): FastifyInstance<...>', gave the following error.
    Object literal may only specify known properties, and 'description' does not exist in type 'FastifySchema'.
routes/admin.routes.ts(401,43): error TS2345: Argument of type '{ search?: string; level?: "info" | "warn" | "error" | "critical"; actor_id?: string; category?: "password" | "auth" | "session" | "mfa" | "account" | "system" | "security"; to?: string; limit?: number; from?: string; page?: number; }' is not assignable to parameter of type 'AuditLogParams'.
  Property 'page' is optional in type '{ search?: string; level?: "info" | "warn" | "error" | "critical"; actor_id?: string; category?: "password" | "auth" | "session" | "mfa" | "account" | "system" | "security"; to?: string; limit?: number; from?: string; page?: number; }' but required in type 'AuditLogParams'.
routes/auth.routes.ts(181,9): error TS2322: Type '{ browser?: string; os?: string; screen?: string; timezone?: string; languages?: string[]; }' is not assignable to type '{ browser: string; os: string; screen: string; timezone: string; languages: string[]; }'.
  Property 'browser' is optional in type '{ browser?: string; os?: string; screen?: string; timezone?: string; languages?: string[]; }' but required in type '{ browser: string; os: string; screen: string; timezone: string; languages: string[]; }'.
routes/email.routes.ts(223,64): error TS2345: Argument of type '{ folder?: string; uid?: number; flag?: "UNSEEN" | "FLAGGED" | "SEEN" | "UNFLAGGED" | "DELETED"; }' is not assignable to parameter of type 'MarkFlagRequest'.
  Property 'uid' is optional in type '{ folder?: string; uid?: number; flag?: "UNSEEN" | "FLAGGED" | "SEEN" | "UNFLAGGED" | "DELETED"; }' but required in type 'MarkFlagRequest'.
routes/email.routes.ts(246,62): error TS2345: Argument of type '{ uid?: number; fromFolder?: string; toFolder?: string; }' is not assignable to parameter of type 'MoveEmailRequest'.
  Property 'uid' is optional in type '{ uid?: number; fromFolder?: string; toFolder?: string; }' but required in type 'MoveEmailRequest'.
routes/email.routes.ts(299,63): error TS2345: Argument of type '{ cc?: string[]; bcc?: string[]; to?: string[]; subject?: string; text?: string; html?: string; replyTo?: string; }' is not assignable to parameter of type 'SendEmailRequest'.
  Property 'to' is optional in type '{ cc?: string[]; bcc?: string[]; to?: string[]; subject?: string; text?: string; html?: string; replyTo?: string; }' but required in type 'SendEmailRequest'.
routes/email.routes.ts(323,62): error TS2345: Argument of type '{ folder?: string; flag?: "UNSEEN" | "FLAGGED" | "SEEN" | "UNFLAGGED" | "DELETED"; uids?: number[]; }' is not assignable to parameter of type 'BulkOperationRequest & { flag: "UNSEEN" | "FLAGGED" | "SEEN" | "UNFLAGGED" | "DELETED"; }'.
  Type '{ folder?: string; flag?: "UNSEEN" | "FLAGGED" | "SEEN" | "UNFLAGGED" | "DELETED"; uids?: number[]; }' is not assignable to type 'BulkOperationRequest'.
    Property 'uids' is optional in type '{ folder?: string; flag?: "UNSEEN" | "FLAGGED" | "SEEN" | "UNFLAGGED" | "DELETED"; uids?: number[]; }' but required in type 'BulkOperationRequest'.
routes/email.routes.ts(347,63): error TS2345: Argument of type '{ folder?: string; toFolder?: string; uids?: number[]; }' is not assignable to parameter of type 'BulkOperationRequest & { toFolder: string; }'.
  Type '{ folder?: string; toFolder?: string; uids?: number[]; }' is not assignable to type 'BulkOperationRequest'.
    Property 'uids' is optional in type '{ folder?: string; toFolder?: string; uids?: number[]; }' but required in type 'BulkOperationRequest'.
routes/mail.routes.ts(88,56): error TS2345: Argument of type '{ cc?: string[]; bcc?: string[]; to?: string[]; subject?: string; from?: string; text?: string; html?: string; }' is not assignable to parameter of type '{ from: string; to: string[]; cc?: string[]; bcc?: string[]; subject: string; text: string; html?: string; }'.
  Property 'from' is optional in type '{ cc?: string[]; bcc?: string[]; to?: string[]; subject?: string; from?: string; text?: string; html?: string; }' but required in type '{ from: string; to: string[]; cc?: string[]; bcc?: string[]; subject: string; text: string; html?: string; }'.
tsconfig.json(2,14): error TS6053: File 'tsconfig.base.json' not found.
node.exe : npm error Lifecycle script `build` failed with error:
En línea: 1 Carácter: 1
+ & "C:\Program Files\nodejs/node.exe" "C:\Program Files\nodejs/node_mo ...
+ ~~~~~~~~~~~~~~~~~~~~~~~~~~~~~~~~~~~~~~~~~~~~~~~~~~~~~~~~~~~~~~~~~~~~~
    + CategoryInfo          : NotSpecified: (npm error Lifec...led with error::String) [], RemoteException
    + FullyQualifiedErrorId : NativeCommandError
 
npm error code 2
npm error path C:\Users\lcanggianelli\Documents\GitHub\Crux-Webmail\src\server
npm error workspace crux-webmail-server@0.2.0
npm error location C:\Users\lcanggianelli\Documents\GitHub\Crux-Webmail\src\server
npm error command failed
npm error command C:\WINDOWS\system32\cmd.exe /d /s /c npx tsc
