
> crux-webmail@1.0.0 test
> jest --coverage --detectOpenHandles --no-workspaces

FAIL tests/__tests__/unit/ws-gateway.test.ts
  ● Test suite failed to run

    Cannot find module '../../../../src/server/utils/audit-logger' from 'tests/__tests__/unit/ws-gateway.test.ts'

    [0m [90m 3 |[39m [90m// ============================================================================[39m
     [90m 4 |[39m
    [31m[1m>[22m[39m[90m 5 |[39m jest[33m.[39mmock([32m'../../../../src/server/utils/audit-logger'[39m[33m,[39m () [33m=>[39m ({
     [90m   |[39m      [31m[1m^[22m[39m
     [90m 6 |[39m   auditLogger[33m:[39m { info[33m:[39m jest[33m.[39mfn()[33m,[39m warn[33m:[39m jest[33m.[39mfn()[33m,[39m error[33m:[39m jest[33m.[39mfn()[33m,[39m critical[33m:[39m jest[33m.[39mfn() }[33m,[39m
     [90m 7 |[39m }))[33m;[39m
     [90m 8 |[39m[0m

      at Resolver._throwModNotFoundError (node_modules/jest-resolve/build/resolver.js:427:11)
      at Object.<anonymous> (tests/__tests__/unit/ws-gateway.test.ts:5:6)

  console.log
    {"event_id":"742bdeff-1689-49c8-8dc9-53cc03ff027e","timestamp":"2026-05-08T19:11:44.677Z","source":"backend-core","level":"info","message":"test message","actor_id":"test"}

      at AuditLogger.write (src/server/utils/audit-logger.ts:76:13)

  console.log
    {"event_id":"1c2e410e-fc2c-4478-8e70-a6a9f4c15d29","timestamp":"2026-05-08T19:11:44.680Z","source":"backend-core","level":"warn","message":""}

      at AuditLogger.write (src/server/utils/audit-logger.ts:76:13)

FAIL tests/__tests__/unit/utils.test.ts
  Audit Logger
    √ should expose all log levels (255 ms)
    √ should accept context objects (4 ms)
    √ should handle empty messages gracefully (2 ms)
  CruxError
    × should set code and message (105 ms)
    × should include optional details (1 ms)
    × should work as instance of Error for throw/catch (1 ms)
  Error Helpers
    × should export error codes

  ● CruxError › should set code and message

    Cannot find module 'utils/crypto' from 'src/server/errors/handler.ts'

    [0m [90m 15 |[39m   [33mFastifyRequest[39m[33m,[39m
     [90m 16 |[39m } [36mfrom[39m [32m'fastify'[39m[33m;[39m
    [31m[1m>[22m[39m[90m 17 |[39m [36mimport[39m { generateSecureUuid } [36mfrom[39m [32m'utils/crypto'[39m[33m;[39m
     [90m    |[39m [31m[1m^[22m[39m
     [90m 18 |[39m [36mimport[39m type { [33mApiError[39m } [36mfrom[39m [32m'types'[39m[33m;[39m
     [90m 19 |[39m
     [90m 20 |[39m [90m// ------------------------------------------------------------------[39m[0m

      at Resolver._throwModNotFoundError (node_modules/jest-resolve/build/resolver.js:427:11)
      at Object.<anonymous> (src/server/errors/handler.ts:17:1)
      at Object.<anonymous> (tests/__tests__/unit/utils.test.ts:38:17)

  ● CruxError › should include optional details

    Cannot find module 'utils/crypto' from 'src/server/errors/handler.ts'

    [0m [90m 15 |[39m   [33mFastifyRequest[39m[33m,[39m
     [90m 16 |[39m } [36mfrom[39m [32m'fastify'[39m[33m;[39m
    [31m[1m>[22m[39m[90m 17 |[39m [36mimport[39m { generateSecureUuid } [36mfrom[39m [32m'utils/crypto'[39m[33m;[39m
     [90m    |[39m [31m[1m^[22m[39m
     [90m 18 |[39m [36mimport[39m type { [33mApiError[39m } [36mfrom[39m [32m'types'[39m[33m;[39m
     [90m 19 |[39m
     [90m 20 |[39m [90m// ------------------------------------------------------------------[39m[0m

      at Resolver._throwModNotFoundError (node_modules/jest-resolve/build/resolver.js:427:11)
      at Object.<anonymous> (src/server/errors/handler.ts:17:1)
      at Object.<anonymous> (tests/__tests__/unit/utils.test.ts:38:17)

  ● CruxError › should work as instance of Error for throw/catch

    Cannot find module 'utils/crypto' from 'src/server/errors/handler.ts'

    [0m [90m 15 |[39m   [33mFastifyRequest[39m[33m,[39m
     [90m 16 |[39m } [36mfrom[39m [32m'fastify'[39m[33m;[39m
    [31m[1m>[22m[39m[90m 17 |[39m [36mimport[39m { generateSecureUuid } [36mfrom[39m [32m'utils/crypto'[39m[33m;[39m
     [90m    |[39m [31m[1m^[22m[39m
     [90m 18 |[39m [36mimport[39m type { [33mApiError[39m } [36mfrom[39m [32m'types'[39m[33m;[39m
     [90m 19 |[39m
     [90m 20 |[39m [90m// ------------------------------------------------------------------[39m[0m

      at Resolver._throwModNotFoundError (node_modules/jest-resolve/build/resolver.js:427:11)
      at Object.<anonymous> (src/server/errors/handler.ts:17:1)
      at Object.<anonymous> (tests/__tests__/unit/utils.test.ts:38:17)

  ● Error Helpers › should export error codes

    Cannot find module 'utils/crypto' from 'src/server/errors/handler.ts'

    [0m [90m 15 |[39m   [33mFastifyRequest[39m[33m,[39m
     [90m 16 |[39m } [36mfrom[39m [32m'fastify'[39m[33m;[39m
    [31m[1m>[22m[39m[90m 17 |[39m [36mimport[39m { generateSecureUuid } [36mfrom[39m [32m'utils/crypto'[39m[33m;[39m
     [90m    |[39m [31m[1m^[22m[39m
     [90m 18 |[39m [36mimport[39m type { [33mApiError[39m } [36mfrom[39m [32m'types'[39m[33m;[39m
     [90m 19 |[39m
     [90m 20 |[39m [90m// ------------------------------------------------------------------[39m[0m

      at Resolver._throwModNotFoundError (node_modules/jest-resolve/build/resolver.js:427:11)
      at Object.<anonymous> (src/server/errors/handler.ts:17:1)
      at Object.<anonymous> (tests/__tests__/unit/utils.test.ts:66:26)

PASS tests/__tests__/unit/ssrf-protection.test.ts
  SSRF Protection
    validateAgainstSsrf
      √ should reject private IP ranges (1 ms)
      √ should allow safe external hosts (1 ms)
      √ should reject invalid URLs
      √ should reject hosts that fail DNS resolution
    sanitizeUrl
      √ should preserve allowed schemes (1 ms)
      √ should reject dangerous schemes
      √ should reject malformed URLs (1 ms)
      √ should allow mailto and tel when specified
    validateAttachment
      √ should allow safe MIME types (1 ms)
      √ should reject dangerous extensions (1 ms)
      √ should reject oversized files
      √ should reject empty files (1 ms)
      √ should reject path traversal

FAIL tests/__tests__/unit/smtp-service.test.ts
  ● Test suite failed to run

    Cannot find module '../../../../src/server/utils/audit-logger' from 'tests/__tests__/unit/smtp-service.test.ts'

    [0m [90m  6 |[39m
     [90m  7 |[39m [90m// Mock the real SMTP service to use our mock[39m
    [31m[1m>[22m[39m[90m  8 |[39m jest[33m.[39mmock([32m'../../../../src/server/utils/audit-logger'[39m[33m,[39m () [33m=>[39m ({
     [90m    |[39m      [31m[1m^[22m[39m
     [90m  9 |[39m   auditLogger[33m:[39m { info[33m:[39m jest[33m.[39mfn()[33m,[39m warn[33m:[39m jest[33m.[39mfn()[33m,[39m error[33m:[39m jest[33m.[39mfn()[33m,[39m critical[33m:[39m jest[33m.[39mfn() }[33m,[39m
     [90m 10 |[39m }))[33m;[39m
     [90m 11 |[39m[0m

      at Resolver._throwModNotFoundError (node_modules/jest-resolve/build/resolver.js:427:11)
      at Object.<anonymous> (tests/__tests__/unit/smtp-service.test.ts:8:6)

FAIL tests/__tests__/unit/security-headers.test.ts
  ● Test suite failed to run

    [96mtests/__tests__/unit/security-headers.test.ts[0m:[93m9[0m:[93m12[0m - [91merror[0m[90m TS2503: [0mCannot find namespace 'Fastify'.

    [7m9[0m   let app: Fastify.FastifyInstance;
    [7m [0m [91m           ~~~~~~~[0m

FAIL tests/__tests__/unit/search-indexer.test.ts
  ● Test suite failed to run

    Cannot find module '../../../../src/server/utils/audit-logger' from 'tests/__tests__/unit/search-indexer.test.ts'

    [0m [90m  5 |[39m [36mimport[39m { [33mModelMock[39m } [36mfrom[39m [32m'../../mocks/sequelize.mock'[39m[33m;[39m
     [90m  6 |[39m
    [31m[1m>[22m[39m[90m  7 |[39m jest[33m.[39mmock([32m'../../../../src/server/utils/audit-logger'[39m[33m,[39m () [33m=>[39m ({
     [90m    |[39m      [31m[1m^[22m[39m
     [90m  8 |[39m   auditLogger[33m:[39m { info[33m:[39m jest[33m.[39mfn()[33m,[39m warn[33m:[39m jest[33m.[39mfn()[33m,[39m error[33m:[39m jest[33m.[39mfn()[33m,[39m critical[33m:[39m jest[33m.[39mfn() }[33m,[39m
     [90m  9 |[39m }))[33m;[39m
     [90m 10 |[39m[0m

      at Resolver._throwModNotFoundError (node_modules/jest-resolve/build/resolver.js:427:11)
      at Object.<anonymous> (tests/__tests__/unit/search-indexer.test.ts:7:6)

FAIL tests/__tests__/unit/input-sanitizer.test.ts
  Input Sanitizer
    stripHtml
      √ should remove all HTML tags (1 ms)
      √ should handle empty/null input (1 ms)
      √ should remove nested tags
      √ should preserve plain text (1 ms)
    sanitizePlainText
      √ should strip HTML by default
      √ should allow HTML when configured (1 ms)
      √ should strip null bytes
      √ should respect maxLength (1 ms)
      √ should trim whitespace
    sanitizeEmailBody
      √ should strip null bytes and control chars (1 ms)
      √ should handle empty input
      √ should preserve normal text
    sanitizeEmailHtml
      √ should strip script tags
      √ should strip event handlers (1 ms)
      √ should strip javascript: protocol
      √ should strip iframe/embed/object tags (1 ms)
      √ should strip vbscript: protocol (1 ms)
    validateFilename
      √ should accept valid filenames
      √ should reject empty filenames (1 ms)
      √ should reject overly long filenames
      √ should normalize path separators (1 ms)
      √ should strip leading dots
    detectXssPayload
      √ should detect script tags (1 ms)
      × should detect javascript: URIs (1 ms)
      √ should detect onerror handlers
      √ should detect iframe tags (1 ms)
      √ should return false for safe input
      √ should return false for text without angle brackets
    detectSqliPayload
      √ should detect basic SQL injection (1 ms)
      √ should detect UNION-based injection (1 ms)
      √ should detect comment-based injection
      √ should return false for safe input (1 ms)
      √ should return false for empty input
    detectCommandInjection
      √ should detect semicolon-based injection (1 ms)
      √ should detect pipe-based injection
      √ should detect backtick execution
      √ should detect dollar-paren execution
      √ should return false for safe input

  ● Input Sanitizer › detectXssPayload › should detect javascript: URIs

    expect(received).toBe(expected) // Object.is equality

    Expected: true
    Received: false

    [0m [90m 142 |[39m
     [90m 143 |[39m     it([32m'should detect javascript: URIs'[39m[33m,[39m () [33m=>[39m {
    [31m[1m>[22m[39m[90m 144 |[39m       expect(detectXssPayload([32m'javascript:alert(1)'[39m))[33m.[39mtoBe([36mtrue[39m)[33m;[39m
     [90m     |[39m                                                       [31m[1m^[22m[39m
     [90m 145 |[39m     })[33m;[39m
     [90m 146 |[39m
     [90m 147 |[39m     it([32m'should detect onerror handlers'[39m[33m,[39m () [33m=>[39m {[0m

      at Object.<anonymous> (tests/__tests__/unit/input-sanitizer.test.ts:144:55)

PASS tests/__tests__/unit/imap-bridge.test.ts
  Circuit Breaker Logic
    √ should allow execution when CLOSED (1 ms)
    √ should block execution after threshold failures
    √ should allow execution after reset timeout (HALF_OPEN)
    √ should reset to CLOSED on success (1 ms)
    √ should count failures correctly
  Exponential Backoff Logic
    √ should start with base delay (1 ms)
    √ should double on each attempt (1 ms)
    √ should cap at maxDelay

FAIL tests/__tests__/unit/error-handler.test.ts
  ● Test suite failed to run

    [96mtests/__tests__/unit/error-handler.test.ts[0m:[93m69[0m:[93m7[0m - [91merror[0m[90m TS2554: [0mExpected 3 arguments, but got 2.

    [7m69[0m       globalErrorHandler(err, mockResponse);
    [7m  [0m [91m      ~~~~~~~~~~~~~~~~~~[0m

      [96msrc/server/errors/handler.ts[0m:[93m142[0m:[93m3[0m
        [7m142[0m   reply: FastifyReply,
        [7m   [0m [96m  ~~~~~~~~~~~~~~~~~~~[0m
        An argument for 'reply' was not provided.
    [96mtests/__tests__/unit/error-handler.test.ts[0m:[93m79[0m:[93m7[0m - [91merror[0m[90m TS2554: [0mExpected 3 arguments, but got 2.

    [7m79[0m       globalErrorHandler(err, mockResponse);
    [7m  [0m [91m      ~~~~~~~~~~~~~~~~~~[0m

      [96msrc/server/errors/handler.ts[0m:[93m142[0m:[93m3[0m
        [7m142[0m   reply: FastifyReply,
        [7m   [0m [96m  ~~~~~~~~~~~~~~~~~~~[0m
        An argument for 'reply' was not provided.
    [96mtests/__tests__/unit/error-handler.test.ts[0m:[93m85[0m:[93m7[0m - [91merror[0m[90m TS2554: [0mExpected 3 arguments, but got 2.

    [7m85[0m       globalErrorHandler(err, mockResponse);
    [7m  [0m [91m      ~~~~~~~~~~~~~~~~~~[0m

      [96msrc/server/errors/handler.ts[0m:[93m142[0m:[93m3[0m
        [7m142[0m   reply: FastifyReply,
        [7m   [0m [96m  ~~~~~~~~~~~~~~~~~~~[0m
        An argument for 'reply' was not provided.
    [96mtests/__tests__/unit/error-handler.test.ts[0m:[93m93[0m:[93m7[0m - [91merror[0m[90m TS2554: [0mExpected 3 arguments, but got 2.

    [7m93[0m       globalErrorHandler(err, mockResponse);
    [7m  [0m [91m      ~~~~~~~~~~~~~~~~~~[0m

      [96msrc/server/errors/handler.ts[0m:[93m142[0m:[93m3[0m
        [7m142[0m   reply: FastifyReply,
        [7m   [0m [96m  ~~~~~~~~~~~~~~~~~~~[0m
        An argument for 'reply' was not provided.
    [96mtests/__tests__/unit/error-handler.test.ts[0m:[93m102[0m:[93m7[0m - [91merror[0m[90m TS2554: [0mExpected 3 arguments, but got 2.

    [7m102[0m       globalErrorHandler(err, mockResponse);
    [7m   [0m [91m      ~~~~~~~~~~~~~~~~~~[0m

      [96msrc/server/errors/handler.ts[0m:[93m142[0m:[93m3[0m
        [7m142[0m   reply: FastifyReply,
        [7m   [0m [96m  ~~~~~~~~~~~~~~~~~~~[0m
        An argument for 'reply' was not provided.

FAIL tests/__tests__/unit/email-queue.test.ts
  ● Test suite failed to run

    Cannot find module '../../../../src/server/utils/audit-logger' from 'tests/__tests__/unit/email-queue.test.ts'

    [0m [90m  5 |[39m [36mimport[39m { [33mBullMQMock[39m[33m,[39m mockAddJob } [36mfrom[39m [32m'../../mocks/bullmq.mock'[39m[33m;[39m
     [90m  6 |[39m
    [31m[1m>[22m[39m[90m  7 |[39m jest[33m.[39mmock([32m'../../../../src/server/utils/audit-logger'[39m[33m,[39m () [33m=>[39m ({
     [90m    |[39m      [31m[1m^[22m[39m
     [90m  8 |[39m   auditLogger[33m:[39m { info[33m:[39m jest[33m.[39mfn()[33m,[39m warn[33m:[39m jest[33m.[39mfn()[33m,[39m error[33m:[39m jest[33m.[39mfn()[33m,[39m critical[33m:[39m jest[33m.[39mfn() }[33m,[39m
     [90m  9 |[39m }))[33m;[39m
     [90m 10 |[39m[0m

      at Resolver._throwModNotFoundError (node_modules/jest-resolve/build/resolver.js:427:11)
      at Object.<anonymous> (tests/__tests__/unit/email-queue.test.ts:7:6)

FAIL tests/__tests__/unit/draft-service.test.ts
  ● Test suite failed to run

    Cannot find module '../../../../src/server/models/User' from 'tests/__tests__/unit/draft-service.test.ts'

    [0m [90m  6 |[39m
     [90m  7 |[39m [90m// --- Mocks en orden correcto (Sequelize models primero) ---[39m
    [31m[1m>[22m[39m[90m  8 |[39m jest[33m.[39mmock([32m'../../../../src/server/models/User'[39m[33m,[39m () [33m=>[39m ({
     [90m    |[39m      [31m[1m^[22m[39m
     [90m  9 |[39m   [33mUserModel[39m[33m:[39m [36mclass[39m [36mextends[39m [33mModelMock[39m {
     [90m 10 |[39m     [36mstatic[39m name [33m=[39m [32m'User'[39m[33m;[39m
     [90m 11 |[39m   }[33m,[39m[0m

      at Resolver._throwModNotFoundError (node_modules/jest-resolve/build/resolver.js:427:11)
      at Object.<anonymous> (tests/__tests__/unit/draft-service.test.ts:8:6)

FAIL tests/__tests__/unit/crypto.test.ts
  Crypto Utilities
    generateNonce
      √ should generate a hex string of expected length (1 ms)
      √ should generate unique nonces each call (1 ms)
      √ should respect custom length
    generateSecureUuid
      √ should return a valid UUID v4 format (1 ms)
      √ should generate unique UUIDs
    hashFingerprint
      × should produce consistent hashes for same input (3 ms)
      √ should produce different hashes for different input
    hashIp
      √ should hash IP with salt deterministically (1 ms)
      √ should produce different hashes with different salts
      √ should produce different hashes for different IPs (1 ms)
    AeadCrypto
      × should encrypt and decrypt data symmetrically (1 ms)
      × should produce different ciphertext for same plaintext (1 ms)
      √ should throw on key too short (2 ms)
      × should reject tampered ciphertext (1 ms)
    HMAC
      √ should create and verify HMAC (1 ms)
      √ should reject wrong message
      √ should reject wrong secret (1 ms)
    deriveKey
      √ should derive a 32-byte key (12 ms)
      √ should be deterministic with same inputs (24 ms)
    generateSalt
      √ should produce 32-char hex string
    isValidCertSerial
      √ should accept valid hex serials of 16+ chars (1 ms)
      √ should reject short serials (1 ms)
      √ should reject non-hex characters
    Timestamp utilities
      √ getExpiryTimestamp should be in the future (1 ms)
      × isExpired should detect expired timestamps

  ● Crypto Utilities › hashFingerprint › should produce consistent hashes for same input

    expect(received).toBe(expected) // Object.is equality

    - Expected  - 1
    + Received  + 1

      Promise {
    -   Symbol(async_id_symbol): 12980,
    +   Symbol(async_id_symbol): 12979,
        Symbol(trigger_async_id_symbol): 12967,
      }

    [0m [90m 57 |[39m       [36mconst[39m h1 [33m=[39m hashFingerprint(fp)[33m;[39m
     [90m 58 |[39m       [36mconst[39m h2 [33m=[39m hashFingerprint(fp)[33m;[39m
    [31m[1m>[22m[39m[90m 59 |[39m       expect(h1)[33m.[39mtoBe(h2)[33m;[39m
     [90m    |[39m                  [31m[1m^[22m[39m
     [90m 60 |[39m       expect(h1)[33m.[39mtoHaveLength([35m64[39m)[33m;[39m [90m// SHA-256 hex[39m
     [90m 61 |[39m     })[33m;[39m
     [90m 62 |[39m[0m

      at Object.<anonymous> (tests/__tests__/unit/crypto.test.ts:59:18)

  ● Crypto Utilities › AeadCrypto › should encrypt and decrypt data symmetrically

    TypeError: The "key" argument must be of type string or an instance of ArrayBuffer, Buffer, TypedArray, DataView, KeyObject, or CryptoKey. Received an instance of Object

    [0m [90m 66 |[39m   encrypt(plaintext[33m:[39m string)[33m:[39m { iv[33m:[39m string[33m;[39m tag[33m:[39m string[33m;[39m ciphertext[33m:[39m string } {
     [90m 67 |[39m     [36mconst[39m iv [33m=[39m crypto[33m.[39mrandomBytes([35m12[39m)[33m;[39m [90m// 96-bit IV para GCM[39m
    [31m[1m>[22m[39m[90m 68 |[39m     [36mconst[39m cipher [33m=[39m crypto[33m.[39mcreateCipheriv([33mALGO[39m[33m,[39m [36mthis[39m[33m.[39mkey[33m.[39m[36mexport[39m({ format[33m:[39m [32m'jwk'[39m }) [36mas[39m any[33m,[39m iv)[33m;[39m
     [90m    |[39m                           [31m[1m^[22m[39m
     [90m 69 |[39m     [36mlet[39m ciphertext [33m=[39m cipher[33m.[39mupdate(plaintext[33m,[39m [32m'utf8'[39m[33m,[39m [32m'hex'[39m)[33m;[39m
     [90m 70 |[39m     ciphertext [33m+=[39m cipher[33m.[39mfinal([32m'hex'[39m)[33m;[39m
     [90m 71 |[39m     [36mconst[39m tag [33m=[39m cipher[33m.[39mgetAuthTag()[33m.[39mtoString([32m'hex'[39m)[33m;[39m[0m

      at AeadCrypto.encrypt (src/server/utils/crypto.ts:68:27)
      at Object.<anonymous> (tests/__tests__/unit/crypto.test.ts:101:30)

  ● Crypto Utilities › AeadCrypto › should produce different ciphertext for same plaintext

    TypeError: The "key" argument must be of type string or an instance of ArrayBuffer, Buffer, TypedArray, DataView, KeyObject, or CryptoKey. Received an instance of Object

    [0m [90m 66 |[39m   encrypt(plaintext[33m:[39m string)[33m:[39m { iv[33m:[39m string[33m;[39m tag[33m:[39m string[33m;[39m ciphertext[33m:[39m string } {
     [90m 67 |[39m     [36mconst[39m iv [33m=[39m crypto[33m.[39mrandomBytes([35m12[39m)[33m;[39m [90m// 96-bit IV para GCM[39m
    [31m[1m>[22m[39m[90m 68 |[39m     [36mconst[39m cipher [33m=[39m crypto[33m.[39mcreateCipheriv([33mALGO[39m[33m,[39m [36mthis[39m[33m.[39mkey[33m.[39m[36mexport[39m({ format[33m:[39m [32m'jwk'[39m }) [36mas[39m any[33m,[39m iv)[33m;[39m
     [90m    |[39m                           [31m[1m^[22m[39m
     [90m 69 |[39m     [36mlet[39m ciphertext [33m=[39m cipher[33m.[39mupdate(plaintext[33m,[39m [32m'utf8'[39m[33m,[39m [32m'hex'[39m)[33m;[39m
     [90m 70 |[39m     ciphertext [33m+=[39m cipher[33m.[39mfinal([32m'hex'[39m)[33m;[39m
     [90m 71 |[39m     [36mconst[39m tag [33m=[39m cipher[33m.[39mgetAuthTag()[33m.[39mtoString([32m'hex'[39m)[33m;[39m[0m

      at AeadCrypto.encrypt (src/server/utils/crypto.ts:68:27)
      at Object.<anonymous> (tests/__tests__/unit/crypto.test.ts:111:23)

  ● Crypto Utilities › AeadCrypto › should reject tampered ciphertext

    TypeError: The "key" argument must be of type string or an instance of ArrayBuffer, Buffer, TypedArray, DataView, KeyObject, or CryptoKey. Received an instance of Object

    [0m [90m 66 |[39m   encrypt(plaintext[33m:[39m string)[33m:[39m { iv[33m:[39m string[33m;[39m tag[33m:[39m string[33m;[39m ciphertext[33m:[39m string } {
     [90m 67 |[39m     [36mconst[39m iv [33m=[39m crypto[33m.[39mrandomBytes([35m12[39m)[33m;[39m [90m// 96-bit IV para GCM[39m
    [31m[1m>[22m[39m[90m 68 |[39m     [36mconst[39m cipher [33m=[39m crypto[33m.[39mcreateCipheriv([33mALGO[39m[33m,[39m [36mthis[39m[33m.[39mkey[33m.[39m[36mexport[39m({ format[33m:[39m [32m'jwk'[39m }) [36mas[39m any[33m,[39m iv)[33m;[39m
     [90m    |[39m                           [31m[1m^[22m[39m
     [90m 69 |[39m     [36mlet[39m ciphertext [33m=[39m cipher[33m.[39mupdate(plaintext[33m,[39m [32m'utf8'[39m[33m,[39m [32m'hex'[39m)[33m;[39m
     [90m 70 |[39m     ciphertext [33m+=[39m cipher[33m.[39mfinal([32m'hex'[39m)[33m;[39m
     [90m 71 |[39m     [36mconst[39m tag [33m=[39m cipher[33m.[39mgetAuthTag()[33m.[39mtoString([32m'hex'[39m)[33m;[39m[0m

      at AeadCrypto.encrypt (src/server/utils/crypto.ts:68:27)
      at Object.<anonymous> (tests/__tests__/unit/crypto.test.ts:122:30)

  ● Crypto Utilities › Timestamp utilities › isExpired should detect expired timestamps

    expect(received).toBe(expected) // Object.is equality

    Expected: true
    Received: false

    [0m [90m 191 |[39m
     [90m 192 |[39m     it([32m'isExpired should detect expired timestamps'[39m[33m,[39m () [33m=>[39m {
    [31m[1m>[22m[39m[90m 193 |[39m       expect(isExpired([33mDate[39m[33m.[39mnow() [33m-[39m [35m1000[39m))[33m.[39mtoBe([36mtrue[39m)[33m;[39m
     [90m     |[39m                                            [31m[1m^[22m[39m
     [90m 194 |[39m       expect(isExpired([33mDate[39m[33m.[39mnow() [33m+[39m [35m10000[39m))[33m.[39mtoBe([36mfalse[39m)[33m;[39m
     [90m 195 |[39m     })[33m;[39m
     [90m 196 |[39m   })[33m;[39m[0m

      at Object.<anonymous> (tests/__tests__/unit/crypto.test.ts:193:44)

FAIL tests/__tests__/unit/config.test.ts
  Config Validation
    √ should validate correct environment variables (19 ms)
    √ should reject short JWT_SECRET (3 ms)
    √ should reject invalid NODE_ENV (2 ms)
    √ should reject invalid port (3 ms)
    √ should accept valid enum values (2 ms)
    × should apply defaults for optional fields (3 ms)

  ● Config Validation › should apply defaults for optional fields

    expect(received).toBe(expected) // Object.is equality

    Expected: true
    Received: false

    [0m [90m 103 |[39m
     [90m 104 |[39m     [36mconst[39m result [33m=[39m schema[33m.[39msafeParse(process[33m.[39menv)[33m;[39m
    [31m[1m>[22m[39m[90m 105 |[39m     expect(result[33m.[39msuccess)[33m.[39mtoBe([36mtrue[39m)[33m;[39m
     [90m     |[39m                            [31m[1m^[22m[39m
     [90m 106 |[39m     [36mif[39m (result[33m.[39msuccess) {
     [90m 107 |[39m       expect(result[33m.[39mdata[33m.[39m[33mSERVER_PORT[39m)[33m.[39mtoBe([35m3000[39m)[33m;[39m
     [90m 108 |[39m       expect(result[33m.[39mdata[33m.[39m[33mNODE_ENV[39m)[33m.[39mtoBe(process[33m.[39menv[33m.[39m[33mNODE_ENV[39m [33m||[39m [32m'development'[39m)[33m;[39m[0m

      at Object.<anonymous> (tests/__tests__/unit/config.test.ts:105:28)

FAIL tests/__tests__/unit/auth-service.test.ts
  ● Test suite failed to run

    [96mtests/__tests__/unit/auth-service.test.ts[0m:[93m33[0m:[93m48[0m - [91merror[0m[90m TS2307: [0mCannot find module '../../../../src/server/modules/auth/auth-service' or its corresponding type declarations.

    [7m33[0m       const { AuthService: AS } = await import('../../../../src/server/modules/auth/auth-service');
    [7m  [0m [91m                                               ~~~~~~~~~~~~~~~~~~~~~~~~~~~~~~~~~~~~~~~~~~~~~~~~~~[0m
    [96mtests/__tests__/unit/auth-service.test.ts[0m:[93m41[0m:[93m48[0m - [91merror[0m[90m TS2307: [0mCannot find module '../../../../src/server/modules/auth/auth-service' or its corresponding type declarations.

    [7m41[0m       const { AuthService: AS } = await import('../../../../src/server/modules/auth/auth-service');
    [7m  [0m [91m                                               ~~~~~~~~~~~~~~~~~~~~~~~~~~~~~~~~~~~~~~~~~~~~~~~~~~[0m
    [96mtests/__tests__/unit/auth-service.test.ts[0m:[93m52[0m:[93m48[0m - [91merror[0m[90m TS2307: [0mCannot find module '../../../../src/server/modules/auth/auth-service' or its corresponding type declarations.

    [7m52[0m       const { AuthService: AS } = await import('../../../../src/server/modules/auth/auth-service');
    [7m  [0m [91m                                               ~~~~~~~~~~~~~~~~~~~~~~~~~~~~~~~~~~~~~~~~~~~~~~~~~~[0m
    [96mtests/__tests__/unit/auth-service.test.ts[0m:[93m63[0m:[93m48[0m - [91merror[0m[90m TS2307: [0mCannot find module '../../../../src/server/modules/auth/auth-service' or its corresponding type declarations.

    [7m63[0m       const { AuthService: AS } = await import('../../../../src/server/modules/auth/auth-service');
    [7m  [0m [91m                                               ~~~~~~~~~~~~~~~~~~~~~~~~~~~~~~~~~~~~~~~~~~~~~~~~~~[0m
    [96mtests/__tests__/unit/auth-service.test.ts[0m:[93m75[0m:[93m48[0m - [91merror[0m[90m TS2307: [0mCannot find module '../../../../src/server/modules/auth/auth-service' or its corresponding type declarations.

    [7m75[0m       const { AuthService: AS } = await import('../../../../src/server/modules/auth/auth-service');
    [7m  [0m [91m                                               ~~~~~~~~~~~~~~~~~~~~~~~~~~~~~~~~~~~~~~~~~~~~~~~~~~[0m
    [96mtests/__tests__/unit/auth-service.test.ts[0m:[93m91[0m:[93m48[0m - [91merror[0m[90m TS2307: [0mCannot find module '../../../../src/server/modules/auth/auth-service' or its corresponding type declarations.

    [7m91[0m       const { AuthService: AS } = await import('../../../../src/server/modules/auth/auth-service');
    [7m  [0m [91m                                               ~~~~~~~~~~~~~~~~~~~~~~~~~~~~~~~~~~~~~~~~~~~~~~~~~~[0m
    [96mtests/__tests__/unit/auth-service.test.ts[0m:[93m109[0m:[93m48[0m - [91merror[0m[90m TS2307: [0mCannot find module '../../../../src/server/modules/auth/auth-service' or its corresponding type declarations.

    [7m109[0m       const { AuthService: AS } = await import('../../../../src/server/modules/auth/auth-service');
    [7m   [0m [91m                                               ~~~~~~~~~~~~~~~~~~~~~~~~~~~~~~~~~~~~~~~~~~~~~~~~~~[0m

  console.log
    {"event_id":"61e75418-c1df-46dc-85ca-be6c7b6df18a","timestamp":"2026-05-08T19:11:46.353Z","source":"test-suite","level":"info","message":"test info"}

      at AuditLogger.write (src/server/utils/audit-logger.ts:76:13)

  console.log
    {"event_id":"d83b445a-c9f5-425a-a137-5ce2849363a3","timestamp":"2026-05-08T19:11:46.354Z","source":"test-suite","level":"warn","message":"test warning"}

      at AuditLogger.write (src/server/utils/audit-logger.ts:76:13)

  console.log
    {"event_id":"c7591c10-f2ef-453e-9f3f-0701b8fc4179","timestamp":"2026-05-08T19:11:46.355Z","source":"test-suite","level":"error","message":"test error"}

      at AuditLogger.write (src/server/utils/audit-logger.ts:76:13)

  console.log
    {"event_id":"8d333859-7c0c-45c4-ab12-ee499d138b97","timestamp":"2026-05-08T19:11:46.357Z","source":"test-suite","level":"critical","message":"test critical"}

      at AuditLogger.write (src/server/utils/audit-logger.ts:76:13)

  console.error
    [CRITICAL AUDIT] test critical

    [0m [90m 78 |[39m     [90m// Eventos crÃ­ticos: alert inmediata[39m
     [90m 79 |[39m     [36mif[39m (level [33m===[39m [32m'critical'[39m) {
    [31m[1m>[22m[39m[90m 80 |[39m       console[33m.[39merror([32m`[CRITICAL AUDIT] ${message}`[39m)[33m;[39m
     [90m    |[39m               [31m[1m^[22m[39m
     [90m 81 |[39m     }
     [90m 82 |[39m
     [90m 83 |[39m     [36mreturn[39m event[33m;[39m[0m

      at AuditLogger.write (src/server/utils/audit-logger.ts:80:15)
      at AuditLogger.critical (src/server/utils/audit-logger.ts:38:17)
      at Object.<anonymous> (tests/__tests__/unit/audit-logger.test.ts:34:26)

  console.log
    {"event_id":"cba774a4-83b8-4632-82e4-5050c53fa9a5","timestamp":"2026-05-08T19:11:46.358Z","source":"test-suite","level":"info","message":"test","actor_id":"user-1","session_id":"session-1","client_ip":"127.0.0.1","metadata":{"action":"login"}}

      at AuditLogger.write (src/server/utils/audit-logger.ts:76:13)

  console.log
    {"event_id":"eb114cdb-c56d-4ea5-a123-3083c5038f2b","timestamp":"2026-05-08T19:11:46.360Z","source":"test-suite","level":"info","message":"event 1"}

      at AuditLogger.write (src/server/utils/audit-logger.ts:76:13)

  console.log
    {"event_id":"1aca654e-d0a3-47af-b4d0-44e0e110722d","timestamp":"2026-05-08T19:11:46.361Z","source":"test-suite","level":"info","message":"event 2"}

      at AuditLogger.write (src/server/utils/audit-logger.ts:76:13)

  console.log
    {"event_id":"fa638f32-a6ab-482a-9ec0-04343bc3295d","timestamp":"2026-05-08T19:11:46.361Z","source":"test-suite","level":"info","message":"event 3"}

      at AuditLogger.write (src/server/utils/audit-logger.ts:76:13)

  console.log
    {"event_id":"b9480703-e62a-4f03-a7fa-ff069b898c2e","timestamp":"2026-05-08T19:11:46.362Z","source":"test-suite","level":"info","message":"before flush"}

      at AuditLogger.write (src/server/utils/audit-logger.ts:76:13)

  console.log
    [AUDIT FLUSH] 1 events batched

      at AuditLogger.flush (src/server/utils/audit-logger.ts:97:15)

PASS tests/__tests__/unit/audit-logger.test.ts
  AuditLogger
    √ should log info events (2 ms)
    √ should log warn events (1 ms)
    √ should log error events (1 ms)
    √ should log critical events (2 ms)
    √ should include metadata in events (1 ms)
    √ should track events in buffer (3 ms)
    √ flush should clear buffer (6 ms)

FAIL tests/__tests__/integration/session.integration.test.ts
  ● Test suite failed to run

    [96msrc/server/modules/auth/session-manager.ts[0m:[93m528[0m:[93m44[0m - [91merror[0m[90m TS2345: [0mArgument of type 'Record<string, string>' is not assignable to parameter of type '{ iv: string; tag: string; ciphertext: string; }'.
      Type 'Record<string, string>' is missing the following properties from type '{ iv: string; tag: string; ciphertext: string; }': iv, tag, ciphertext

    [7m528[0m       const decrypted = this.aead!.decrypt(encrypted);
    [7m   [0m [91m                                           ~~~~~~~~~[0m

FAIL tests/__tests__/integration/routes.integration.test.ts
  ● Test suite failed to run

    [96mtests/__tests__/integration/routes.integration.test.ts[0m:[93m2[0m:[93m36[0m - [91merror[0m[90m TS2307: [0mCannot find module '../../../src/server/routes/auth' or its corresponding type declarations.

    [7m2[0m import { registerAuthRoutes } from '../../../src/server/routes/auth';
    [7m [0m [91m                                   ~~~~~~~~~~~~~~~~~~~~~~~~~~~~~~~~~[0m
    [96mtests/__tests__/integration/routes.integration.test.ts[0m:[93m3[0m:[93m36[0m - [91merror[0m[90m TS2307: [0mCannot find module '../../../src/server/routes/mail' or its corresponding type declarations.

    [7m3[0m import { registerMailRoutes } from '../../../src/server/routes/mail';
    [7m [0m [91m                                   ~~~~~~~~~~~~~~~~~~~~~~~~~~~~~~~~~[0m
    [96mtests/__tests__/integration/routes.integration.test.ts[0m:[93m4[0m:[93m38[0m - [91merror[0m[90m TS2307: [0mCannot find module '../../../src/server/routes/health' or its corresponding type declarations.

    [7m4[0m import { registerHealthRoutes } from '../../../src/server/routes/health';
    [7m [0m [91m                                     ~~~~~~~~~~~~~~~~~~~~~~~~~~~~~~~~~~~[0m
    [96mtests/__tests__/integration/routes.integration.test.ts[0m:[93m6[0m:[93m10[0m - [91merror[0m[90m TS2305: [0mModule '"../../../src/server/middleware/rate-limiter"' has no exported member 'rateLimitMiddleware'.

    [7m6[0m import { rateLimitMiddleware } from '../../../src/server/middleware/rate-limiter';
    [7m [0m [91m         ~~~~~~~~~~~~~~~~~~~[0m
    [96mtests/__tests__/integration/routes.integration.test.ts[0m:[93m34[0m:[93m12[0m - [91merror[0m[90m TS2503: [0mCannot find namespace 'Fastify'.

    [7m34[0m   let app: Fastify.FastifyInstance;
    [7m  [0m [91m           ~~~~~~~[0m

FAIL tests/__tests__/integration/email-routes.test.ts
  ● Test suite failed to run

    Cannot find module '../../../../src/server/models/User' from 'tests/__tests__/integration/email-routes.test.ts'

    [0m [90m  8 |[39m [36mimport[39m { [33mBullMQMock[39m } [36mfrom[39m [32m'../../mocks/bullmq.mock'[39m[33m;[39m
     [90m  9 |[39m
    [31m[1m>[22m[39m[90m 10 |[39m jest[33m.[39mmock([32m'../../../../src/server/models/User'[39m[33m,[39m () [33m=>[39m ({
     [90m    |[39m      [31m[1m^[22m[39m
     [90m 11 |[39m   [33mUserModel[39m[33m:[39m [36mclass[39m [36mextends[39m [33mModelMock[39m {
     [90m 12 |[39m     [36mstatic[39m name [33m=[39m [32m'User'[39m[33m;[39m
     [90m 13 |[39m   }[33m,[39m[0m

      at Resolver._throwModNotFoundError (node_modules/jest-resolve/build/resolver.js:427:11)
      at Object.<anonymous> (tests/__tests__/integration/email-routes.test.ts:10:6)

FAIL tests/web/mail-store.test.ts
  ● Test suite failed to run

    [96mtests/web/mail-store.test.ts[0m:[93m6[0m:[93m30[0m - [91merror[0m[90m TS2307: [0mCannot find module 'src/web/lib/store/mail' or its corresponding type declarations.

    [7m6[0m import { useMailStore } from 'src/web/lib/store/mail';
    [7m [0m [91m                             ~~~~~~~~~~~~~~~~~~~~~~~~[0m
    [96mtests/web/mail-store.test.ts[0m:[93m20[0m:[93m21[0m - [91merror[0m[90m TS2307: [0mCannot find module 'src/web/lib/api/client' or its corresponding type declarations.

    [7m20[0m import { api } from 'src/web/lib/api/client';
    [7m  [0m [91m                    ~~~~~~~~~~~~~~~~~~~~~~~~[0m

FAIL tests/web/html-sanitizer.test.ts
  ● Test suite failed to run

    [96mtests/web/html-sanitizer.test.ts[0m:[93m10[0m:[93m8[0m - [91merror[0m[90m TS2307: [0mCannot find module 'src/web/lib/sanitizer/html-sanitizer' or its corresponding type declarations.

    [7m10[0m } from 'src/web/lib/sanitizer/html-sanitizer';
    [7m  [0m [91m       ~~~~~~~~~~~~~~~~~~~~~~~~~~~~~~~~~~~~~~[0m

FAIL tests/web/auth-store.test.ts
  ● Test suite failed to run

    [96mtests/web/auth-store.test.ts[0m:[93m6[0m:[93m43[0m - [91merror[0m[90m TS2307: [0mCannot find module 'src/web/lib/store/auth' or its corresponding type declarations.

    [7m6[0m import { useAuthStore, hydrateAuth } from 'src/web/lib/store/auth';
    [7m [0m [91m                                          ~~~~~~~~~~~~~~~~~~~~~~~~[0m
    [96mtests/web/auth-store.test.ts[0m:[93m26[0m:[93m37[0m - [91merror[0m[90m TS2307: [0mCannot find module 'src/web/lib/api/client' or its corresponding type declarations.

    [7m26[0m import { api, ApiClientError } from 'src/web/lib/api/client';
    [7m  [0m [91m                                    ~~~~~~~~~~~~~~~~~~~~~~~~[0m
    [96mtests/web/auth-store.test.ts[0m:[93m93[0m:[93m14[0m - [91merror[0m[90m TS2454: [0mVariable 'result' is used before being assigned.

    [7m93[0m       expect(result).toBe(true);
    [7m  [0m [91m             ~~~~~~[0m
    [96mtests/web/auth-store.test.ts[0m:[93m119[0m:[93m14[0m - [91merror[0m[90m TS2454: [0mVariable 'result' is used before being assigned.

    [7m119[0m       expect(result).toBe(false);
    [7m   [0m [91m             ~~~~~~[0m
    [96mtests/web/auth-store.test.ts[0m:[93m138[0m:[93m14[0m - [91merror[0m[90m TS2454: [0mVariable 'result' is used before being assigned.

    [7m138[0m       expect(result).toBe(false);
    [7m   [0m [91m             ~~~~~~[0m

FAIL tests/web/api-client.test.ts
  ● Test suite failed to run

    [96mtests/web/api-client.test.ts[0m:[93m5[0m:[93m49[0m - [91merror[0m[90m TS2307: [0mCannot find module 'src/web/lib/api/client' or its corresponding type declarations.

    [7m5[0m import { apiRequest, api, ApiClientError } from 'src/web/lib/api/client';
    [7m [0m [91m                                                ~~~~~~~~~~~~~~~~~~~~~~~~[0m
    [96mtests/web/api-client.test.ts[0m:[93m17[0m:[93m10[0m - [91merror[0m[90m TS2352: [0mConversion of type '{ ok: true; status: number; json: jest.Mock<any, any, any>; headers: Headers; }' to type 'Response' may be a mistake because neither type sufficiently overlaps with the other. If this was intentional, convert the expression to 'unknown' first.
      Type '{ ok: true; status: number; json: Mock<any, any, any>; headers: Headers; }' is missing the following properties from type 'Response': statusText, type, url, redirected, and 7 more.

    [7m 17[0m   return {
    [7m   [0m [91m         ~[0m
    [7m 18[0m     ok: true,
    [7m   [0m [91m~~~~~~~~~~~~~[0m
    [7m...[0m 
    [7m 21[0m     headers: new Headers(),
    [7m   [0m [91m~~~~~~~~~~~~~~~~~~~~~~~~~~~[0m
    [7m 22[0m   } as Response;
    [7m   [0m [91m~~~~~~~~~~~~~~~[0m
    [96mtests/web/api-client.test.ts[0m:[93m26[0m:[93m10[0m - [91merror[0m[90m TS2352: [0mConversion of type '{ ok: false; status: number; json: jest.Mock<any, any, any>; headers: Headers; }' to type 'Response' may be a mistake because neither type sufficiently overlaps with the other. If this was intentional, convert the expression to 'unknown' first.
      Type '{ ok: false; status: number; json: Mock<any, any, any>; headers: Headers; }' is missing the following properties from type 'Response': statusText, type, url, redirected, and 7 more.

    [7m 26[0m   return {
    [7m   [0m [91m         ~[0m
    [7m 27[0m     ok: false,
    [7m   [0m [91m~~~~~~~~~~~~~~[0m
    [7m...[0m 
    [7m 30[0m     headers: new Headers(),
    [7m   [0m [91m~~~~~~~~~~~~~~~~~~~~~~~~~~~[0m
    [7m 31[0m   } as Response;
    [7m   [0m [91m~~~~~~~~~~~~~~~[0m
    [96mtests/web/api-client.test.ts[0m:[93m56[0m:[93m31[0m - [91merror[0m[90m TS2584: [0mCannot find name 'document'. Do you need to change your target library? Try changing the 'lib' compiler option to include 'dom'.

    [7m56[0m const originalQuerySelector = document.querySelector;
    [7m  [0m [91m                              ~~~~~~~~[0m
    [96mtests/web/api-client.test.ts[0m:[93m59[0m:[93m3[0m - [91merror[0m[90m TS2584: [0mCannot find name 'document'. Do you need to change your target library? Try changing the 'lib' compiler option to include 'dom'.

    [7m59[0m   document.querySelector = jest.fn((selector: string) => {
    [7m  [0m [91m  ~~~~~~~~[0m
    [96mtests/web/api-client.test.ts[0m:[93m65[0m:[93m39[0m - [91merror[0m[90m TS2584: [0mCannot find name 'document'. Do you need to change your target library? Try changing the 'lib' compiler option to include 'dom'.

    [7m65[0m     return originalQuerySelector.call(document, selector);
    [7m  [0m [91m                                      ~~~~~~~~[0m
    [96mtests/web/api-client.test.ts[0m:[93m66[0m:[93m16[0m - [91merror[0m[90m TS2584: [0mCannot find name 'document'. Do you need to change your target library? Try changing the 'lib' compiler option to include 'dom'.

    [7m66[0m   }) as typeof document.querySelector;
    [7m  [0m [91m               ~~~~~~~~[0m
    [96mtests/web/api-client.test.ts[0m:[93m143[0m:[93m15[0m - [91merror[0m[90m TS2540: [0mCannot assign to 'ok' because it is a read-only property.

    [7m143[0m       mock401.ok = false;
    [7m   [0m [91m              ~~[0m
    [96mtests/web/api-client.test.ts[0m:[93m144[0m:[93m15[0m - [91merror[0m[90m TS2540: [0mCannot assign to 'status' because it is a read-only property.

    [7m144[0m       mock401.status = 401;
    [7m   [0m [91m              ~~~~~~[0m
    [96mtests/web/api-client.test.ts[0m:[93m149[0m:[93m32[0m - [91merror[0m[90m TS2352: [0mConversion of type '{ ok: true; status: number; json: jest.Mock<any, any, any>; }' to type 'Response' may be a mistake because neither type sufficiently overlaps with the other. If this was intentional, convert the expression to 'unknown' first.
      Type '{ ok: true; status: number; json: Mock<any, any, any>; }' is missing the following properties from type 'Response': headers, statusText, type, url, and 8 more.

    [7m149[0m         .mockResolvedValueOnce({
    [7m   [0m [91m                               ~[0m
    [7m150[0m           ok: true,
    [7m   [0m [91m~~~~~~~~~~~~~~~~~~~[0m
    [7m...[0m 
    [7m154[0m           }),
    [7m   [0m [91m~~~~~~~~~~~~~[0m
    [7m155[0m         } as Response)
    [7m   [0m [91m~~~~~~~~~~~~~~~~~~~~~[0m

FAIL tests/mime-pipeline.spec.ts
  ● Test suite failed to run

    [96mtests/mime-pipeline.spec.ts[0m:[93m61[0m:[93m19[0m - [91merror[0m[90m TS2339: [0mProperty 'subject' does not exist on type 'ParsedEmail'.

    [7m61[0m     expect(result.subject).toBe('Hello World');
    [7m  [0m [91m                  ~~~~~~~[0m
    [96mtests/mime-pipeline.spec.ts[0m:[93m238[0m:[93m25[0m - [91merror[0m[90m TS2304: [0mCannot find name 'ClamavScanner'.

    [7m238[0m     const scanner = new ClamavScanner({ enabled: false });
    [7m   [0m [91m                        ~~~~~~~~~~~~~[0m
    [96mtests/mime-pipeline.spec.ts[0m:[93m256[0m:[93m23[0m - [91merror[0m[90m TS2339: [0mProperty 'subject' does not exist on type 'ParsedEmail'.

    [7m256[0m     expect(results[0].subject).toBe('Email 1');
    [7m   [0m [91m                      ~~~~~~~[0m
    [96mtests/mime-pipeline.spec.ts[0m:[93m257[0m:[93m23[0m - [91merror[0m[90m TS2339: [0mProperty 'subject' does not exist on type 'ParsedEmail'.

    [7m257[0m     expect(results[1].subject).toBe('Email 2');
    [7m   [0m [91m                      ~~~~~~~[0m
    [96mtests/mime-pipeline.spec.ts[0m:[93m258[0m:[93m23[0m - [91merror[0m[90m TS2339: [0mProperty 'subject' does not exist on type 'ParsedEmail'.

    [7m258[0m     expect(results[2].subject).toBe('Email 3');
    [7m   [0m [91m                      ~~~~~~~[0m
    [96mtests/mime-pipeline.spec.ts[0m:[93m271[0m:[93m43[0m - [91merror[0m[90m TS2339: [0mProperty 'subject' does not exist on type 'ParsedEmail'.

    [7m271[0m     const subjects = results.map((r) => r.subject);
    [7m   [0m [91m                                          ~~~~~~~[0m
    [96mtests/mime-pipeline.spec.ts[0m:[93m297[0m:[93m4[0m - [91merror[0m[90m TS2304: [0mCannot find name 'CODE'.

    [7m297[0m ---CODE---
    [7m   [0m [91m   ~~~~[0m
    [96mtests/mime-pipeline.spec.ts[0m:[93m297[0m:[93m3[0m - [91merror[0m[90m TS1109: [0mExpression expected.

    [7m297[0m ---CODE---
    [7m   [0m [91m  ~[0m
    [96mtests/mime-pipeline.spec.ts[0m:[93m297[0m:[93m11[0m - [91merror[0m[90m TS1109: [0mExpression expected.

    [7m297[0m ---CODE---
    [7m   [0m [91m          [0m

---------------------|---------|----------|---------|---------|---------------------------------------
File                 | % Stmts | % Branch | % Funcs | % Lines | Uncovered Line #s                     
---------------------|---------|----------|---------|---------|---------------------------------------
All files            |   76.97 |    47.78 |      76 |   79.77 |                                       
 errors              |   19.44 |        0 |       0 |   19.44 |                                       
  handler.ts         |   19.44 |        0 |       0 |   19.44 | 23-68,76,80,87,91-128,144-188,198-201 
 utils               |   85.09 |    62.06 |   92.68 |   88.98 |                                       
  audit-logger.ts    |   82.75 |    64.28 |      80 |   85.71 | 42,70-71,99                           
  crypto.ts          |   76.78 |    66.66 |   93.75 |   79.62 | 69-82                                 
  input-sanitizer.ts |    92.3 |       75 |     100 |   97.18 | 139,184                               
  ssrf-protection.ts |   84.78 |    55.31 |     100 |   89.15 | 86-89,121,131,178-179,254,261         
---------------------|---------|----------|---------|---------|---------------------------------------
Jest: "global" coverage threshold for statements (80%) not met: 76.97%
Jest: "global" coverage threshold for branches (75%) not met: 47.78%
Jest: "global" coverage threshold for lines (80%) not met: 79.77%
Jest: "global" coverage threshold for functions (80%) not met: 76%
Summary of all failing tests
FAIL tests/__tests__/unit/ws-gateway.test.ts
  ● Test suite failed to run

    Cannot find module '../../../../src/server/utils/audit-logger' from 'tests/__tests__/unit/ws-gateway.test.ts'

    [0m [90m 3 |[39m [90m// ============================================================================[39m
     [90m 4 |[39m
    [31m[1m>[22m[39m[90m 5 |[39m jest[33m.[39mmock([32m'../../../../src/server/utils/audit-logger'[39m[33m,[39m () [33m=>[39m ({
     [90m   |[39m      [31m[1m^[22m[39m
     [90m 6 |[39m   auditLogger[33m:[39m { info[33m:[39m jest[33m.[39mfn()[33m,[39m warn[33m:[39m jest[33m.[39mfn()[33m,[39m error[33m:[39m jest[33m.[39mfn()[33m,[39m critical[33m:[39m jest[33m.[39mfn() }[33m,[39m
     [90m 7 |[39m }))[33m;[39m
     [90m 8 |[39m[0m

      at Resolver._throwModNotFoundError (node_modules/jest-resolve/build/resolver.js:427:11)
      at Object.<anonymous> (tests/__tests__/unit/ws-gateway.test.ts:5:6)

FAIL tests/__tests__/unit/utils.test.ts
  ● CruxError › should set code and message

    Cannot find module 'utils/crypto' from 'src/server/errors/handler.ts'

    [0m [90m 15 |[39m   [33mFastifyRequest[39m[33m,[39m
     [90m 16 |[39m } [36mfrom[39m [32m'fastify'[39m[33m;[39m
    [31m[1m>[22m[39m[90m 17 |[39m [36mimport[39m { generateSecureUuid } [36mfrom[39m [32m'utils/crypto'[39m[33m;[39m
     [90m    |[39m [31m[1m^[22m[39m
     [90m 18 |[39m [36mimport[39m type { [33mApiError[39m } [36mfrom[39m [32m'types'[39m[33m;[39m
     [90m 19 |[39m
     [90m 20 |[39m [90m// ------------------------------------------------------------------[39m[0m

      at Resolver._throwModNotFoundError (node_modules/jest-resolve/build/resolver.js:427:11)
      at Object.<anonymous> (src/server/errors/handler.ts:17:1)
      at Object.<anonymous> (tests/__tests__/unit/utils.test.ts:38:17)

  ● CruxError › should include optional details

    Cannot find module 'utils/crypto' from 'src/server/errors/handler.ts'

    [0m [90m 15 |[39m   [33mFastifyRequest[39m[33m,[39m
     [90m 16 |[39m } [36mfrom[39m [32m'fastify'[39m[33m;[39m
    [31m[1m>[22m[39m[90m 17 |[39m [36mimport[39m { generateSecureUuid } [36mfrom[39m [32m'utils/crypto'[39m[33m;[39m
     [90m    |[39m [31m[1m^[22m[39m
     [90m 18 |[39m [36mimport[39m type { [33mApiError[39m } [36mfrom[39m [32m'types'[39m[33m;[39m
     [90m 19 |[39m
     [90m 20 |[39m [90m// ------------------------------------------------------------------[39m[0m

      at Resolver._throwModNotFoundError (node_modules/jest-resolve/build/resolver.js:427:11)
      at Object.<anonymous> (src/server/errors/handler.ts:17:1)
      at Object.<anonymous> (tests/__tests__/unit/utils.test.ts:38:17)

  ● CruxError › should work as instance of Error for throw/catch

    Cannot find module 'utils/crypto' from 'src/server/errors/handler.ts'

    [0m [90m 15 |[39m   [33mFastifyRequest[39m[33m,[39m
     [90m 16 |[39m } [36mfrom[39m [32m'fastify'[39m[33m;[39m
    [31m[1m>[22m[39m[90m 17 |[39m [36mimport[39m { generateSecureUuid } [36mfrom[39m [32m'utils/crypto'[39m[33m;[39m
     [90m    |[39m [31m[1m^[22m[39m
     [90m 18 |[39m [36mimport[39m type { [33mApiError[39m } [36mfrom[39m [32m'types'[39m[33m;[39m
     [90m 19 |[39m
     [90m 20 |[39m [90m// ------------------------------------------------------------------[39m[0m

      at Resolver._throwModNotFoundError (node_modules/jest-resolve/build/resolver.js:427:11)
      at Object.<anonymous> (src/server/errors/handler.ts:17:1)
      at Object.<anonymous> (tests/__tests__/unit/utils.test.ts:38:17)

  ● Error Helpers › should export error codes

    Cannot find module 'utils/crypto' from 'src/server/errors/handler.ts'

    [0m [90m 15 |[39m   [33mFastifyRequest[39m[33m,[39m
     [90m 16 |[39m } [36mfrom[39m [32m'fastify'[39m[33m;[39m
    [31m[1m>[22m[39m[90m 17 |[39m [36mimport[39m { generateSecureUuid } [36mfrom[39m [32m'utils/crypto'[39m[33m;[39m
     [90m    |[39m [31m[1m^[22m[39m
     [90m 18 |[39m [36mimport[39m type { [33mApiError[39m } [36mfrom[39m [32m'types'[39m[33m;[39m
     [90m 19 |[39m
     [90m 20 |[39m [90m// ------------------------------------------------------------------[39m[0m

      at Resolver._throwModNotFoundError (node_modules/jest-resolve/build/resolver.js:427:11)
      at Object.<anonymous> (src/server/errors/handler.ts:17:1)
      at Object.<anonymous> (tests/__tests__/unit/utils.test.ts:66:26)

FAIL tests/__tests__/unit/smtp-service.test.ts
  ● Test suite failed to run

    Cannot find module '../../../../src/server/utils/audit-logger' from 'tests/__tests__/unit/smtp-service.test.ts'

    [0m [90m  6 |[39m
     [90m  7 |[39m [90m// Mock the real SMTP service to use our mock[39m
    [31m[1m>[22m[39m[90m  8 |[39m jest[33m.[39mmock([32m'../../../../src/server/utils/audit-logger'[39m[33m,[39m () [33m=>[39m ({
     [90m    |[39m      [31m[1m^[22m[39m
     [90m  9 |[39m   auditLogger[33m:[39m { info[33m:[39m jest[33m.[39mfn()[33m,[39m warn[33m:[39m jest[33m.[39mfn()[33m,[39m error[33m:[39m jest[33m.[39mfn()[33m,[39m critical[33m:[39m jest[33m.[39mfn() }[33m,[39m
     [90m 10 |[39m }))[33m;[39m
     [90m 11 |[39m[0m

      at Resolver._throwModNotFoundError (node_modules/jest-resolve/build/resolver.js:427:11)
      at Object.<anonymous> (tests/__tests__/unit/smtp-service.test.ts:8:6)

FAIL tests/__tests__/unit/security-headers.test.ts
  ● Test suite failed to run

    [96mtests/__tests__/unit/security-headers.test.ts[0m:[93m9[0m:[93m12[0m - [91merror[0m[90m TS2503: [0mCannot find namespace 'Fastify'.

    [7m9[0m   let app: Fastify.FastifyInstance;
    [7m [0m [91m           ~~~~~~~[0m

FAIL tests/__tests__/unit/search-indexer.test.ts
  ● Test suite failed to run

    Cannot find module '../../../../src/server/utils/audit-logger' from 'tests/__tests__/unit/search-indexer.test.ts'

    [0m [90m  5 |[39m [36mimport[39m { [33mModelMock[39m } [36mfrom[39m [32m'../../mocks/sequelize.mock'[39m[33m;[39m
     [90m  6 |[39m
    [31m[1m>[22m[39m[90m  7 |[39m jest[33m.[39mmock([32m'../../../../src/server/utils/audit-logger'[39m[33m,[39m () [33m=>[39m ({
     [90m    |[39m      [31m[1m^[22m[39m
     [90m  8 |[39m   auditLogger[33m:[39m { info[33m:[39m jest[33m.[39mfn()[33m,[39m warn[33m:[39m jest[33m.[39mfn()[33m,[39m error[33m:[39m jest[33m.[39mfn()[33m,[39m critical[33m:[39m jest[33m.[39mfn() }[33m,[39m
     [90m  9 |[39m }))[33m;[39m
     [90m 10 |[39m[0m

      at Resolver._throwModNotFoundError (node_modules/jest-resolve/build/resolver.js:427:11)
      at Object.<anonymous> (tests/__tests__/unit/search-indexer.test.ts:7:6)

FAIL tests/__tests__/unit/input-sanitizer.test.ts
  ● Input Sanitizer › detectXssPayload › should detect javascript: URIs

    expect(received).toBe(expected) // Object.is equality

    Expected: true
    Received: false

    [0m [90m 142 |[39m
     [90m 143 |[39m     it([32m'should detect javascript: URIs'[39m[33m,[39m () [33m=>[39m {
    [31m[1m>[22m[39m[90m 144 |[39m       expect(detectXssPayload([32m'javascript:alert(1)'[39m))[33m.[39mtoBe([36mtrue[39m)[33m;[39m
     [90m     |[39m                                                       [31m[1m^[22m[39m
     [90m 145 |[39m     })[33m;[39m
     [90m 146 |[39m
     [90m 147 |[39m     it([32m'should detect onerror handlers'[39m[33m,[39m () [33m=>[39m {[0m

      at Object.<anonymous> (tests/__tests__/unit/input-sanitizer.test.ts:144:55)

FAIL tests/__tests__/unit/error-handler.test.ts
  ● Test suite failed to run

    [96mtests/__tests__/unit/error-handler.test.ts[0m:[93m69[0m:[93m7[0m - [91merror[0m[90m TS2554: [0mExpected 3 arguments, but got 2.

    [7m69[0m       globalErrorHandler(err, mockResponse);
    [7m  [0m [91m      ~~~~~~~~~~~~~~~~~~[0m

      [96msrc/server/errors/handler.ts[0m:[93m142[0m:[93m3[0m
        [7m142[0m   reply: FastifyReply,
        [7m   [0m [96m  ~~~~~~~~~~~~~~~~~~~[0m
        An argument for 'reply' was not provided.
    [96mtests/__tests__/unit/error-handler.test.ts[0m:[93m79[0m:[93m7[0m - [91merror[0m[90m TS2554: [0mExpected 3 arguments, but got 2.

    [7m79[0m       globalErrorHandler(err, mockResponse);
    [7m  [0m [91m      ~~~~~~~~~~~~~~~~~~[0m

      [96msrc/server/errors/handler.ts[0m:[93m142[0m:[93m3[0m
        [7m142[0m   reply: FastifyReply,
        [7m   [0m [96m  ~~~~~~~~~~~~~~~~~~~[0m
        An argument for 'reply' was not provided.
    [96mtests/__tests__/unit/error-handler.test.ts[0m:[93m85[0m:[93m7[0m - [91merror[0m[90m TS2554: [0mExpected 3 arguments, but got 2.

    [7m85[0m       globalErrorHandler(err, mockResponse);
    [7m  [0m [91m      ~~~~~~~~~~~~~~~~~~[0m

      [96msrc/server/errors/handler.ts[0m:[93m142[0m:[93m3[0m
        [7m142[0m   reply: FastifyReply,
        [7m   [0m [96m  ~~~~~~~~~~~~~~~~~~~[0m
        An argument for 'reply' was not provided.
    [96mtests/__tests__/unit/error-handler.test.ts[0m:[93m93[0m:[93m7[0m - [91merror[0m[90m TS2554: [0mExpected 3 arguments, but got 2.

    [7m93[0m       globalErrorHandler(err, mockResponse);
    [7m  [0m [91m      ~~~~~~~~~~~~~~~~~~[0m

      [96msrc/server/errors/handler.ts[0m:[93m142[0m:[93m3[0m
        [7m142[0m   reply: FastifyReply,
        [7m   [0m [96m  ~~~~~~~~~~~~~~~~~~~[0m
        An argument for 'reply' was not provided.
    [96mtests/__tests__/unit/error-handler.test.ts[0m:[93m102[0m:[93m7[0m - [91merror[0m[90m TS2554: [0mExpected 3 arguments, but got 2.

    [7m102[0m       globalErrorHandler(err, mockResponse);
    [7m   [0m [91m      ~~~~~~~~~~~~~~~~~~[0m

      [96msrc/server/errors/handler.ts[0m:[93m142[0m:[93m3[0m
        [7m142[0m   reply: FastifyReply,
        [7m   [0m [96m  ~~~~~~~~~~~~~~~~~~~[0m
        An argument for 'reply' was not provided.

FAIL tests/__tests__/unit/email-queue.test.ts
  ● Test suite failed to run

    Cannot find module '../../../../src/server/utils/audit-logger' from 'tests/__tests__/unit/email-queue.test.ts'

    [0m [90m  5 |[39m [36mimport[39m { [33mBullMQMock[39m[33m,[39m mockAddJob } [36mfrom[39m [32m'../../mocks/bullmq.mock'[39m[33m;[39m
     [90m  6 |[39m
    [31m[1m>[22m[39m[90m  7 |[39m jest[33m.[39mmock([32m'../../../../src/server/utils/audit-logger'[39m[33m,[39m () [33m=>[39m ({
     [90m    |[39m      [31m[1m^[22m[39m
     [90m  8 |[39m   auditLogger[33m:[39m { info[33m:[39m jest[33m.[39mfn()[33m,[39m warn[33m:[39m jest[33m.[39mfn()[33m,[39m error[33m:[39m jest[33m.[39mfn()[33m,[39m critical[33m:[39m jest[33m.[39mfn() }[33m,[39m
     [90m  9 |[39m }))[33m;[39m
     [90m 10 |[39m[0m

      at Resolver._throwModNotFoundError (node_modules/jest-resolve/build/resolver.js:427:11)
      at Object.<anonymous> (tests/__tests__/unit/email-queue.test.ts:7:6)

FAIL tests/__tests__/unit/draft-service.test.ts
  ● Test suite failed to run

    Cannot find module '../../../../src/server/models/User' from 'tests/__tests__/unit/draft-service.test.ts'

    [0m [90m  6 |[39m
     [90m  7 |[39m [90m// --- Mocks en orden correcto (Sequelize models primero) ---[39m
    [31m[1m>[22m[39m[90m  8 |[39m jest[33m.[39mmock([32m'../../../../src/server/models/User'[39m[33m,[39m () [33m=>[39m ({
     [90m    |[39m      [31m[1m^[22m[39m
     [90m  9 |[39m   [33mUserModel[39m[33m:[39m [36mclass[39m [36mextends[39m [33mModelMock[39m {
     [90m 10 |[39m     [36mstatic[39m name [33m=[39m [32m'User'[39m[33m;[39m
     [90m 11 |[39m   }[33m,[39m[0m

      at Resolver._throwModNotFoundError (node_modules/jest-resolve/build/resolver.js:427:11)
      at Object.<anonymous> (tests/__tests__/unit/draft-service.test.ts:8:6)

FAIL tests/__tests__/unit/crypto.test.ts
  ● Crypto Utilities › hashFingerprint › should produce consistent hashes for same input

    expect(received).toBe(expected) // Object.is equality

    - Expected  - 1
    + Received  + 1

      Promise {
    -   Symbol(async_id_symbol): 12980,
    +   Symbol(async_id_symbol): 12979,
        Symbol(trigger_async_id_symbol): 12967,
      }

    [0m [90m 57 |[39m       [36mconst[39m h1 [33m=[39m hashFingerprint(fp)[33m;[39m
     [90m 58 |[39m       [36mconst[39m h2 [33m=[39m hashFingerprint(fp)[33m;[39m
    [31m[1m>[22m[39m[90m 59 |[39m       expect(h1)[33m.[39mtoBe(h2)[33m;[39m
     [90m    |[39m                  [31m[1m^[22m[39m
     [90m 60 |[39m       expect(h1)[33m.[39mtoHaveLength([35m64[39m)[33m;[39m [90m// SHA-256 hex[39m
     [90m 61 |[39m     })[33m;[39m
     [90m 62 |[39m[0m

      at Object.<anonymous> (tests/__tests__/unit/crypto.test.ts:59:18)

  ● Crypto Utilities › AeadCrypto › should encrypt and decrypt data symmetrically

    TypeError: The "key" argument must be of type string or an instance of ArrayBuffer, Buffer, TypedArray, DataView, KeyObject, or CryptoKey. Received an instance of Object

    [0m [90m 66 |[39m   encrypt(plaintext[33m:[39m string)[33m:[39m { iv[33m:[39m string[33m;[39m tag[33m:[39m string[33m;[39m ciphertext[33m:[39m string } {
     [90m 67 |[39m     [36mconst[39m iv [33m=[39m crypto[33m.[39mrandomBytes([35m12[39m)[33m;[39m [90m// 96-bit IV para GCM[39m
    [31m[1m>[22m[39m[90m 68 |[39m     [36mconst[39m cipher [33m=[39m crypto[33m.[39mcreateCipheriv([33mALGO[39m[33m,[39m [36mthis[39m[33m.[39mkey[33m.[39m[36mexport[39m({ format[33m:[39m [32m'jwk'[39m }) [36mas[39m any[33m,[39m iv)[33m;[39m
     [90m    |[39m                           [31m[1m^[22m[39m
     [90m 69 |[39m     [36mlet[39m ciphertext [33m=[39m cipher[33m.[39mupdate(plaintext[33m,[39m [32m'utf8'[39m[33m,[39m [32m'hex'[39m)[33m;[39m
     [90m 70 |[39m     ciphertext [33m+=[39m cipher[33m.[39mfinal([32m'hex'[39m)[33m;[39m
     [90m 71 |[39m     [36mconst[39m tag [33m=[39m cipher[33m.[39mgetAuthTag()[33m.[39mtoString([32m'hex'[39m)[33m;[39m[0m

      at AeadCrypto.encrypt (src/server/utils/crypto.ts:68:27)
      at Object.<anonymous> (tests/__tests__/unit/crypto.test.ts:101:30)

  ● Crypto Utilities › AeadCrypto › should produce different ciphertext for same plaintext

    TypeError: The "key" argument must be of type string or an instance of ArrayBuffer, Buffer, TypedArray, DataView, KeyObject, or CryptoKey. Received an instance of Object

    [0m [90m 66 |[39m   encrypt(plaintext[33m:[39m string)[33m:[39m { iv[33m:[39m string[33m;[39m tag[33m:[39m string[33m;[39m ciphertext[33m:[39m string } {
     [90m 67 |[39m     [36mconst[39m iv [33m=[39m crypto[33m.[39mrandomBytes([35m12[39m)[33m;[39m [90m// 96-bit IV para GCM[39m
    [31m[1m>[22m[39m[90m 68 |[39m     [36mconst[39m cipher [33m=[39m crypto[33m.[39mcreateCipheriv([33mALGO[39m[33m,[39m [36mthis[39m[33m.[39mkey[33m.[39m[36mexport[39m({ format[33m:[39m [32m'jwk'[39m }) [36mas[39m any[33m,[39m iv)[33m;[39m
     [90m    |[39m                           [31m[1m^[22m[39m
     [90m 69 |[39m     [36mlet[39m ciphertext [33m=[39m cipher[33m.[39mupdate(plaintext[33m,[39m [32m'utf8'[39m[33m,[39m [32m'hex'[39m)[33m;[39m
     [90m 70 |[39m     ciphertext [33m+=[39m cipher[33m.[39mfinal([32m'hex'[39m)[33m;[39m
     [90m 71 |[39m     [36mconst[39m tag [33m=[39m cipher[33m.[39mgetAuthTag()[33m.[39mtoString([32m'hex'[39m)[33m;[39m[0m

      at AeadCrypto.encrypt (src/server/utils/crypto.ts:68:27)
      at Object.<anonymous> (tests/__tests__/unit/crypto.test.ts:111:23)

  ● Crypto Utilities › AeadCrypto › should reject tampered ciphertext

    TypeError: The "key" argument must be of type string or an instance of ArrayBuffer, Buffer, TypedArray, DataView, KeyObject, or CryptoKey. Received an instance of Object

    [0m [90m 66 |[39m   encrypt(plaintext[33m:[39m string)[33m:[39m { iv[33m:[39m string[33m;[39m tag[33m:[39m string[33m;[39m ciphertext[33m:[39m string } {
     [90m 67 |[39m     [36mconst[39m iv [33m=[39m crypto[33m.[39mrandomBytes([35m12[39m)[33m;[39m [90m// 96-bit IV para GCM[39m
    [31m[1m>[22m[39m[90m 68 |[39m     [36mconst[39m cipher [33m=[39m crypto[33m.[39mcreateCipheriv([33mALGO[39m[33m,[39m [36mthis[39m[33m.[39mkey[33m.[39m[36mexport[39m({ format[33m:[39m [32m'jwk'[39m }) [36mas[39m any[33m,[39m iv)[33m;[39m
     [90m    |[39m                           [31m[1m^[22m[39m
     [90m 69 |[39m     [36mlet[39m ciphertext [33m=[39m cipher[33m.[39mupdate(plaintext[33m,[39m [32m'utf8'[39m[33m,[39m [32m'hex'[39m)[33m;[39m
     [90m 70 |[39m     ciphertext [33m+=[39m cipher[33m.[39mfinal([32m'hex'[39m)[33m;[39m
     [90m 71 |[39m     [36mconst[39m tag [33m=[39m cipher[33m.[39mgetAuthTag()[33m.[39mtoString([32m'hex'[39m)[33m;[39m[0m

      at AeadCrypto.encrypt (src/server/utils/crypto.ts:68:27)
      at Object.<anonymous> (tests/__tests__/unit/crypto.test.ts:122:30)

  ● Crypto Utilities › Timestamp utilities › isExpired should detect expired timestamps

    expect(received).toBe(expected) // Object.is equality

    Expected: true
    Received: false

    [0m [90m 191 |[39m
     [90m 192 |[39m     it([32m'isExpired should detect expired timestamps'[39m[33m,[39m () [33m=>[39m {
    [31m[1m>[22m[39m[90m 193 |[39m       expect(isExpired([33mDate[39m[33m.[39mnow() [33m-[39m [35m1000[39m))[33m.[39mtoBe([36mtrue[39m)[33m;[39m
     [90m     |[39m                                            [31m[1m^[22m[39m
     [90m 194 |[39m       expect(isExpired([33mDate[39m[33m.[39mnow() [33m+[39m [35m10000[39m))[33m.[39mtoBe([36mfalse[39m)[33m;[39m
     [90m 195 |[39m     })[33m;[39m
     [90m 196 |[39m   })[33m;[39m[0m

      at Object.<anonymous> (tests/__tests__/unit/crypto.test.ts:193:44)

FAIL tests/__tests__/unit/config.test.ts
  ● Config Validation › should apply defaults for optional fields

    expect(received).toBe(expected) // Object.is equality

    Expected: true
    Received: false

    [0m [90m 103 |[39m
     [90m 104 |[39m     [36mconst[39m result [33m=[39m schema[33m.[39msafeParse(process[33m.[39menv)[33m;[39m
    [31m[1m>[22m[39m[90m 105 |[39m     expect(result[33m.[39msuccess)[33m.[39mtoBe([36mtrue[39m)[33m;[39m
     [90m     |[39m                            [31m[1m^[22m[39m
     [90m 106 |[39m     [36mif[39m (result[33m.[39msuccess) {
     [90m 107 |[39m       expect(result[33m.[39mdata[33m.[39m[33mSERVER_PORT[39m)[33m.[39mtoBe([35m3000[39m)[33m;[39m
     [90m 108 |[39m       expect(result[33m.[39mdata[33m.[39m[33mNODE_ENV[39m)[33m.[39mtoBe(process[33m.[39menv[33m.[39m[33mNODE_ENV[39m [33m||[39m [32m'development'[39m)[33m;[39m[0m

      at Object.<anonymous> (tests/__tests__/unit/config.test.ts:105:28)

FAIL tests/__tests__/unit/auth-service.test.ts
  ● Test suite failed to run

    [96mtests/__tests__/unit/auth-service.test.ts[0m:[93m33[0m:[93m48[0m - [91merror[0m[90m TS2307: [0mCannot find module '../../../../src/server/modules/auth/auth-service' or its corresponding type declarations.

    [7m33[0m       const { AuthService: AS } = await import('../../../../src/server/modules/auth/auth-service');
    [7m  [0m [91m                                               ~~~~~~~~~~~~~~~~~~~~~~~~~~~~~~~~~~~~~~~~~~~~~~~~~~[0m
    [96mtests/__tests__/unit/auth-service.test.ts[0m:[93m41[0m:[93m48[0m - [91merror[0m[90m TS2307: [0mCannot find module '../../../../src/server/modules/auth/auth-service' or its corresponding type declarations.

    [7m41[0m       const { AuthService: AS } = await import('../../../../src/server/modules/auth/auth-service');
    [7m  [0m [91m                                               ~~~~~~~~~~~~~~~~~~~~~~~~~~~~~~~~~~~~~~~~~~~~~~~~~~[0m
    [96mtests/__tests__/unit/auth-service.test.ts[0m:[93m52[0m:[93m48[0m - [91merror[0m[90m TS2307: [0mCannot find module '../../../../src/server/modules/auth/auth-service' or its corresponding type declarations.

    [7m52[0m       const { AuthService: AS } = await import('../../../../src/server/modules/auth/auth-service');
    [7m  [0m [91m                                               ~~~~~~~~~~~~~~~~~~~~~~~~~~~~~~~~~~~~~~~~~~~~~~~~~~[0m
    [96mtests/__tests__/unit/auth-service.test.ts[0m:[93m63[0m:[93m48[0m - [91merror[0m[90m TS2307: [0mCannot find module '../../../../src/server/modules/auth/auth-service' or its corresponding type declarations.

    [7m63[0m       const { AuthService: AS } = await import('../../../../src/server/modules/auth/auth-service');
    [7m  [0m [91m                                               ~~~~~~~~~~~~~~~~~~~~~~~~~~~~~~~~~~~~~~~~~~~~~~~~~~[0m
    [96mtests/__tests__/unit/auth-service.test.ts[0m:[93m75[0m:[93m48[0m - [91merror[0m[90m TS2307: [0mCannot find module '../../../../src/server/modules/auth/auth-service' or its corresponding type declarations.

    [7m75[0m       const { AuthService: AS } = await import('../../../../src/server/modules/auth/auth-service');
    [7m  [0m [91m                                               ~~~~~~~~~~~~~~~~~~~~~~~~~~~~~~~~~~~~~~~~~~~~~~~~~~[0m
    [96mtests/__tests__/unit/auth-service.test.ts[0m:[93m91[0m:[93m48[0m - [91merror[0m[90m TS2307: [0mCannot find module '../../../../src/server/modules/auth/auth-service' or its corresponding type declarations.

    [7m91[0m       const { AuthService: AS } = await import('../../../../src/server/modules/auth/auth-service');
    [7m  [0m [91m                                               ~~~~~~~~~~~~~~~~~~~~~~~~~~~~~~~~~~~~~~~~~~~~~~~~~~[0m
    [96mtests/__tests__/unit/auth-service.test.ts[0m:[93m109[0m:[93m48[0m - [91merror[0m[90m TS2307: [0mCannot find module '../../../../src/server/modules/auth/auth-service' or its corresponding type declarations.

    [7m109[0m       const { AuthService: AS } = await import('../../../../src/server/modules/auth/auth-service');
    [7m   [0m [91m                                               ~~~~~~~~~~~~~~~~~~~~~~~~~~~~~~~~~~~~~~~~~~~~~~~~~~[0m

FAIL tests/__tests__/integration/session.integration.test.ts
  ● Test suite failed to run

    [96msrc/server/modules/auth/session-manager.ts[0m:[93m528[0m:[93m44[0m - [91merror[0m[90m TS2345: [0mArgument of type 'Record<string, string>' is not assignable to parameter of type '{ iv: string; tag: string; ciphertext: string; }'.
      Type 'Record<string, string>' is missing the following properties from type '{ iv: string; tag: string; ciphertext: string; }': iv, tag, ciphertext

    [7m528[0m       const decrypted = this.aead!.decrypt(encrypted);
    [7m   [0m [91m                                           ~~~~~~~~~[0m

FAIL tests/__tests__/integration/routes.integration.test.ts
  ● Test suite failed to run

    [96mtests/__tests__/integration/routes.integration.test.ts[0m:[93m2[0m:[93m36[0m - [91merror[0m[90m TS2307: [0mCannot find module '../../../src/server/routes/auth' or its corresponding type declarations.

    [7m2[0m import { registerAuthRoutes } from '../../../src/server/routes/auth';
    [7m [0m [91m                                   ~~~~~~~~~~~~~~~~~~~~~~~~~~~~~~~~~[0m
    [96mtests/__tests__/integration/routes.integration.test.ts[0m:[93m3[0m:[93m36[0m - [91merror[0m[90m TS2307: [0mCannot find module '../../../src/server/routes/mail' or its corresponding type declarations.

    [7m3[0m import { registerMailRoutes } from '../../../src/server/routes/mail';
    [7m [0m [91m                                   ~~~~~~~~~~~~~~~~~~~~~~~~~~~~~~~~~[0m
    [96mtests/__tests__/integration/routes.integration.test.ts[0m:[93m4[0m:[93m38[0m - [91merror[0m[90m TS2307: [0mCannot find module '../../../src/server/routes/health' or its corresponding type declarations.

    [7m4[0m import { registerHealthRoutes } from '../../../src/server/routes/health';
    [7m [0m [91m                                     ~~~~~~~~~~~~~~~~~~~~~~~~~~~~~~~~~~~[0m
    [96mtests/__tests__/integration/routes.integration.test.ts[0m:[93m6[0m:[93m10[0m - [91merror[0m[90m TS2305: [0mModule '"../../../src/server/middleware/rate-limiter"' has no exported member 'rateLimitMiddleware'.

    [7m6[0m import { rateLimitMiddleware } from '../../../src/server/middleware/rate-limiter';
    [7m [0m [91m         ~~~~~~~~~~~~~~~~~~~[0m
    [96mtests/__tests__/integration/routes.integration.test.ts[0m:[93m34[0m:[93m12[0m - [91merror[0m[90m TS2503: [0mCannot find namespace 'Fastify'.

    [7m34[0m   let app: Fastify.FastifyInstance;
    [7m  [0m [91m           ~~~~~~~[0m

FAIL tests/__tests__/integration/email-routes.test.ts
  ● Test suite failed to run

    Cannot find module '../../../../src/server/models/User' from 'tests/__tests__/integration/email-routes.test.ts'

    [0m [90m  8 |[39m [36mimport[39m { [33mBullMQMock[39m } [36mfrom[39m [32m'../../mocks/bullmq.mock'[39m[33m;[39m
     [90m  9 |[39m
    [31m[1m>[22m[39m[90m 10 |[39m jest[33m.[39mmock([32m'../../../../src/server/models/User'[39m[33m,[39m () [33m=>[39m ({
     [90m    |[39m      [31m[1m^[22m[39m
     [90m 11 |[39m   [33mUserModel[39m[33m:[39m [36mclass[39m [36mextends[39m [33mModelMock[39m {
     [90m 12 |[39m     [36mstatic[39m name [33m=[39m [32m'User'[39m[33m;[39m
     [90m 13 |[39m   }[33m,[39m[0m

      at Resolver._throwModNotFoundError (node_modules/jest-resolve/build/resolver.js:427:11)
      at Object.<anonymous> (tests/__tests__/integration/email-routes.test.ts:10:6)

FAIL tests/web/mail-store.test.ts
  ● Test suite failed to run

    [96mtests/web/mail-store.test.ts[0m:[93m6[0m:[93m30[0m - [91merror[0m[90m TS2307: [0mCannot find module 'src/web/lib/store/mail' or its corresponding type declarations.

    [7m6[0m import { useMailStore } from 'src/web/lib/store/mail';
    [7m [0m [91m                             ~~~~~~~~~~~~~~~~~~~~~~~~[0m
    [96mtests/web/mail-store.test.ts[0m:[93m20[0m:[93m21[0m - [91merror[0m[90m TS2307: [0mCannot find module 'src/web/lib/api/client' or its corresponding type declarations.

    [7m20[0m import { api } from 'src/web/lib/api/client';
    [7m  [0m [91m                    ~~~~~~~~~~~~~~~~~~~~~~~~[0m

FAIL tests/web/html-sanitizer.test.ts
  ● Test suite failed to run

    [96mtests/web/html-sanitizer.test.ts[0m:[93m10[0m:[93m8[0m - [91merror[0m[90m TS2307: [0mCannot find module 'src/web/lib/sanitizer/html-sanitizer' or its corresponding type declarations.

    [7m10[0m } from 'src/web/lib/sanitizer/html-sanitizer';
    [7m  [0m [91m       ~~~~~~~~~~~~~~~~~~~~~~~~~~~~~~~~~~~~~~[0m

FAIL tests/web/auth-store.test.ts
  ● Test suite failed to run

    [96mtests/web/auth-store.test.ts[0m:[93m6[0m:[93m43[0m - [91merror[0m[90m TS2307: [0mCannot find module 'src/web/lib/store/auth' or its corresponding type declarations.

    [7m6[0m import { useAuthStore, hydrateAuth } from 'src/web/lib/store/auth';
    [7m [0m [91m                                          ~~~~~~~~~~~~~~~~~~~~~~~~[0m
    [96mtests/web/auth-store.test.ts[0m:[93m26[0m:[93m37[0m - [91merror[0m[90m TS2307: [0mCannot find module 'src/web/lib/api/client' or its corresponding type declarations.

    [7m26[0m import { api, ApiClientError } from 'src/web/lib/api/client';
    [7m  [0m [91m                                    ~~~~~~~~~~~~~~~~~~~~~~~~[0m
    [96mtests/web/auth-store.test.ts[0m:[93m93[0m:[93m14[0m - [91merror[0m[90m TS2454: [0mVariable 'result' is used before being assigned.

    [7m93[0m       expect(result).toBe(true);
    [7m  [0m [91m             ~~~~~~[0m
    [96mtests/web/auth-store.test.ts[0m:[93m119[0m:[93m14[0m - [91merror[0m[90m TS2454: [0mVariable 'result' is used before being assigned.

    [7m119[0m       expect(result).toBe(false);
    [7m   [0m [91m             ~~~~~~[0m
    [96mtests/web/auth-store.test.ts[0m:[93m138[0m:[93m14[0m - [91merror[0m[90m TS2454: [0mVariable 'result' is used before being assigned.

    [7m138[0m       expect(result).toBe(false);
    [7m   [0m [91m             ~~~~~~[0m

FAIL tests/web/api-client.test.ts
  ● Test suite failed to run

    [96mtests/web/api-client.test.ts[0m:[93m5[0m:[93m49[0m - [91merror[0m[90m TS2307: [0mCannot find module 'src/web/lib/api/client' or its corresponding type declarations.

    [7m5[0m import { apiRequest, api, ApiClientError } from 'src/web/lib/api/client';
    [7m [0m [91m                                                ~~~~~~~~~~~~~~~~~~~~~~~~[0m
    [96mtests/web/api-client.test.ts[0m:[93m17[0m:[93m10[0m - [91merror[0m[90m TS2352: [0mConversion of type '{ ok: true; status: number; json: jest.Mock<any, any, any>; headers: Headers; }' to type 'Response' may be a mistake because neither type sufficiently overlaps with the other. If this was intentional, convert the expression to 'unknown' first.
      Type '{ ok: true; status: number; json: Mock<any, any, any>; headers: Headers; }' is missing the following properties from type 'Response': statusText, type, url, redirected, and 7 more.

    [7m 17[0m   return {
    [7m   [0m [91m         ~[0m
    [7m 18[0m     ok: true,
    [7m   [0m [91m~~~~~~~~~~~~~[0m
    [7m...[0m 
    [7m 21[0m     headers: new Headers(),
    [7m   [0m [91m~~~~~~~~~~~~~~~~~~~~~~~~~~~[0m
    [7m 22[0m   } as Response;
    [7m   [0m [91m~~~~~~~~~~~~~~~[0m
    [96mtests/web/api-client.test.ts[0m:[93m26[0m:[93m10[0m - [91merror[0m[90m TS2352: [0mConversion of type '{ ok: false; status: number; json: jest.Mock<any, any, any>; headers: Headers; }' to type 'Response' may be a mistake because neither type sufficiently overlaps with the other. If this was intentional, convert the expression to 'unknown' first.
      Type '{ ok: false; status: number; json: Mock<any, any, any>; headers: Headers; }' is missing the following properties from type 'Response': statusText, type, url, redirected, and 7 more.

    [7m 26[0m   return {
    [7m   [0m [91m         ~[0m
    [7m 27[0m     ok: false,
    [7m   [0m [91m~~~~~~~~~~~~~~[0m
    [7m...[0m 
    [7m 30[0m     headers: new Headers(),
    [7m   [0m [91m~~~~~~~~~~~~~~~~~~~~~~~~~~~[0m
    [7m 31[0m   } as Response;
    [7m   [0m [91m~~~~~~~~~~~~~~~[0m
    [96mtests/web/api-client.test.ts[0m:[93m56[0m:[93m31[0m - [91merror[0m[90m TS2584: [0mCannot find name 'document'. Do you need to change your target library? Try changing the 'lib' compiler option to include 'dom'.

    [7m56[0m const originalQuerySelector = document.querySelector;
    [7m  [0m [91m                              ~~~~~~~~[0m
    [96mtests/web/api-client.test.ts[0m:[93m59[0m:[93m3[0m - [91merror[0m[90m TS2584: [0mCannot find name 'document'. Do you need to change your target library? Try changing the 'lib' compiler option to include 'dom'.

    [7m59[0m   document.querySelector = jest.fn((selector: string) => {
    [7m  [0m [91m  ~~~~~~~~[0m
    [96mtests/web/api-client.test.ts[0m:[93m65[0m:[93m39[0m - [91merror[0m[90m TS2584: [0mCannot find name 'document'. Do you need to change your target library? Try changing the 'lib' compiler option to include 'dom'.

    [7m65[0m     return originalQuerySelector.call(document, selector);
    [7m  [0m [91m                                      ~~~~~~~~[0m
    [96mtests/web/api-client.test.ts[0m:[93m66[0m:[93m16[0m - [91merror[0m[90m TS2584: [0mCannot find name 'document'. Do you need to change your target library? Try changing the 'lib' compiler option to include 'dom'.

    [7m66[0m   }) as typeof document.querySelector;
    [7m  [0m [91m               ~~~~~~~~[0m
    [96mtests/web/api-client.test.ts[0m:[93m143[0m:[93m15[0m - [91merror[0m[90m TS2540: [0mCannot assign to 'ok' because it is a read-only property.

    [7m143[0m       mock401.ok = false;
    [7m   [0m [91m              ~~[0m
    [96mtests/web/api-client.test.ts[0m:[93m144[0m:[93m15[0m - [91merror[0m[90m TS2540: [0mCannot assign to 'status' because it is a read-only property.

    [7m144[0m       mock401.status = 401;
    [7m   [0m [91m              ~~~~~~[0m
    [96mtests/web/api-client.test.ts[0m:[93m149[0m:[93m32[0m - [91merror[0m[90m TS2352: [0mConversion of type '{ ok: true; status: number; json: jest.Mock<any, any, any>; }' to type 'Response' may be a mistake because neither type sufficiently overlaps with the other. If this was intentional, convert the expression to 'unknown' first.
      Type '{ ok: true; status: number; json: Mock<any, any, any>; }' is missing the following properties from type 'Response': headers, statusText, type, url, and 8 more.

    [7m149[0m         .mockResolvedValueOnce({
    [7m   [0m [91m                               ~[0m
    [7m150[0m           ok: true,
    [7m   [0m [91m~~~~~~~~~~~~~~~~~~~[0m
    [7m...[0m 
    [7m154[0m           }),
    [7m   [0m [91m~~~~~~~~~~~~~[0m
    [7m155[0m         } as Response)
    [7m   [0m [91m~~~~~~~~~~~~~~~~~~~~~[0m

FAIL tests/mime-pipeline.spec.ts
  ● Test suite failed to run

    [96mtests/mime-pipeline.spec.ts[0m:[93m61[0m:[93m19[0m - [91merror[0m[90m TS2339: [0mProperty 'subject' does not exist on type 'ParsedEmail'.

    [7m61[0m     expect(result.subject).toBe('Hello World');
    [7m  [0m [91m                  ~~~~~~~[0m
    [96mtests/mime-pipeline.spec.ts[0m:[93m238[0m:[93m25[0m - [91merror[0m[90m TS2304: [0mCannot find name 'ClamavScanner'.

    [7m238[0m     const scanner = new ClamavScanner({ enabled: false });
    [7m   [0m [91m                        ~~~~~~~~~~~~~[0m
    [96mtests/mime-pipeline.spec.ts[0m:[93m256[0m:[93m23[0m - [91merror[0m[90m TS2339: [0mProperty 'subject' does not exist on type 'ParsedEmail'.

    [7m256[0m     expect(results[0].subject).toBe('Email 1');
    [7m   [0m [91m                      ~~~~~~~[0m
    [96mtests/mime-pipeline.spec.ts[0m:[93m257[0m:[93m23[0m - [91merror[0m[90m TS2339: [0mProperty 'subject' does not exist on type 'ParsedEmail'.

    [7m257[0m     expect(results[1].subject).toBe('Email 2');
    [7m   [0m [91m                      ~~~~~~~[0m
    [96mtests/mime-pipeline.spec.ts[0m:[93m258[0m:[93m23[0m - [91merror[0m[90m TS2339: [0mProperty 'subject' does not exist on type 'ParsedEmail'.

    [7m258[0m     expect(results[2].subject).toBe('Email 3');
    [7m   [0m [91m                      ~~~~~~~[0m
    [96mtests/mime-pipeline.spec.ts[0m:[93m271[0m:[93m43[0m - [91merror[0m[90m TS2339: [0mProperty 'subject' does not exist on type 'ParsedEmail'.

    [7m271[0m     const subjects = results.map((r) => r.subject);
    [7m   [0m [91m                                          ~~~~~~~[0m
    [96mtests/mime-pipeline.spec.ts[0m:[93m297[0m:[93m4[0m - [91merror[0m[90m TS2304: [0mCannot find name 'CODE'.

    [7m297[0m ---CODE---
    [7m   [0m [91m   ~~~~[0m
    [96mtests/mime-pipeline.spec.ts[0m:[93m297[0m:[93m3[0m - [91merror[0m[90m TS1109: [0mExpression expected.

    [7m297[0m ---CODE---
    [7m   [0m [91m  ~[0m
    [96mtests/mime-pipeline.spec.ts[0m:[93m297[0m:[93m11[0m - [91merror[0m[90m TS1109: [0mExpression expected.

    [7m297[0m ---CODE---
    [7m   [0m [91m          [0m


Test Suites: 20 failed, 3 passed, 23 total
Tests:       11 failed, 93 passed, 104 total
Snapshots:   0 total
Time:        5.148 s
Ran all test suites.
